Component: ARM Compiler 5.06 update 6 (build 750) Tool: armlink [4d35ed]

==============================================================================

Section Cross References

    startup_stm32f103xb.o(STACK) refers (Special) to heapauxi.o(.text) for __use_two_region_memory
    startup_stm32f103xb.o(HEAP) refers (Special) to heapauxi.o(.text) for __use_two_region_memory
    startup_stm32f103xb.o(RESET) refers (Special) to heapauxi.o(.text) for __use_two_region_memory
    startup_stm32f103xb.o(RESET) refers to startup_stm32f103xb.o(STACK) for __initial_sp
    startup_stm32f103xb.o(RESET) refers to startup_stm32f103xb.o(.text) for Reset_Handler
    startup_stm32f103xb.o(RESET) refers to stm32f1xx_it.o(i.NMI_Handler) for NMI_Handler
    startup_stm32f103xb.o(RESET) refers to stm32f1xx_it.o(i.HardFault_Handler) for HardFault_Handler
    startup_stm32f103xb.o(RESET) refers to stm32f1xx_it.o(i.MemManage_Handler) for MemManage_Handler
    startup_stm32f103xb.o(RESET) refers to stm32f1xx_it.o(i.BusFault_Handler) for BusFault_Handler
    startup_stm32f103xb.o(RESET) refers to stm32f1xx_it.o(i.UsageFault_Handler) for UsageFault_Handler
    startup_stm32f103xb.o(RESET) refers to port.o(.emb_text) for SVC_Handler
    startup_stm32f103xb.o(RESET) refers to stm32f1xx_it.o(i.DebugMon_Handler) for DebugMon_Handler
    startup_stm32f103xb.o(RESET) refers to cmsis_os2.o(i.SysTick_Handler) for SysTick_Handler
    startup_stm32f103xb.o(RESET) refers to stm32f1xx_it.o(i.DMA1_Channel1_IRQHandler) for DMA1_Channel1_IRQHandler
    startup_stm32f103xb.o(RESET) refers to stm32f1xx_it.o(i.DMA1_Channel4_IRQHandler) for DMA1_Channel4_IRQHandler
    startup_stm32f103xb.o(RESET) refers to stm32f1xx_it.o(i.TIM4_IRQHandler) for TIM4_IRQHandler
    startup_stm32f103xb.o(RESET) refers to stm32f1xx_it.o(i.USART1_IRQHandler) for USART1_IRQHandler
    startup_stm32f103xb.o(.text) refers (Special) to heapauxi.o(.text) for __use_two_region_memory
    startup_stm32f103xb.o(.text) refers to system_stm32f1xx.o(i.SystemInit) for SystemInit
    startup_stm32f103xb.o(.text) refers to __main.o(!!!main) for __main
    startup_stm32f103xb.o(.text) refers to startup_stm32f103xb.o(HEAP) for Heap_Mem
    startup_stm32f103xb.o(.text) refers to startup_stm32f103xb.o(STACK) for Stack_Mem
    main.o(i.HAL_TIM_PeriodElapsedCallback) refers to stm32f1xx_hal.o(i.HAL_IncTick) for HAL_IncTick
    main.o(i.SystemClock_Config) refers to rt_memclr_w.o(.text) for __aeabi_memclr4
    main.o(i.SystemClock_Config) refers to stm32f1xx_hal_rcc.o(i.HAL_RCC_OscConfig) for HAL_RCC_OscConfig
    main.o(i.SystemClock_Config) refers to stm32f1xx_hal_rcc.o(i.HAL_RCC_ClockConfig) for HAL_RCC_ClockConfig
    main.o(i.SystemClock_Config) refers to stm32f1xx_hal_rcc_ex.o(i.HAL_RCCEx_PeriphCLKConfig) for HAL_RCCEx_PeriphCLKConfig
    main.o(i.main) refers to stm32f1xx_hal.o(i.HAL_Init) for HAL_Init
    main.o(i.main) refers to main.o(i.SystemClock_Config) for SystemClock_Config
    main.o(i.main) refers to gpio.o(i.MX_GPIO_Init) for MX_GPIO_Init
    main.o(i.main) refers to dma.o(i.MX_DMA_Init) for MX_DMA_Init
    main.o(i.main) refers to i2c.o(i.MX_I2C1_Init) for MX_I2C1_Init
    main.o(i.main) refers to adc.o(i.MX_ADC1_Init) for MX_ADC1_Init
    main.o(i.main) refers to tim.o(i.MX_TIM3_Init) for MX_TIM3_Init
    main.o(i.main) refers to usart.o(i.MX_USART1_UART_Init) for MX_USART1_UART_Init
    main.o(i.main) refers to cmsis_os2.o(i.osKernelInitialize) for osKernelInitialize
    main.o(i.main) refers to freertos.o(i.MX_FREERTOS_Init) for MX_FREERTOS_Init
    main.o(i.main) refers to cmsis_os2.o(i.osKernelStart) for osKernelStart
    gpio.o(i.MX_GPIO_Init) refers to stm32f1xx_hal_gpio.o(i.HAL_GPIO_WritePin) for HAL_GPIO_WritePin
    gpio.o(i.MX_GPIO_Init) refers to stm32f1xx_hal_gpio.o(i.HAL_GPIO_Init) for HAL_GPIO_Init
    freertos.o(i.MX_FREERTOS_Init) refers to cmsis_os2.o(i.osSemaphoreNew) for osSemaphoreNew
    freertos.o(i.MX_FREERTOS_Init) refers to cmsis_os2.o(i.osMessageQueueNew) for osMessageQueueNew
    freertos.o(i.MX_FREERTOS_Init) refers to cmsis_os2.o(i.osThreadNew) for osThreadNew
    freertos.o(i.MX_FREERTOS_Init) refers to freertos.o(.constdata) for .constdata
    freertos.o(i.MX_FREERTOS_Init) refers to freertos.o(.data) for .data
    freertos.o(i.MX_FREERTOS_Init) refers to freertos.o(i.StartDefaultTask) for StartDefaultTask
    freertos.o(i.Mode_Change) refers to stm32f1xx_hal_tim.o(i.HAL_TIM_GenerateEvent) for HAL_TIM_GenerateEvent
    freertos.o(i.Mode_Change) refers to cmsis_os2.o(i.osMessageQueueReset) for osMessageQueueReset
    freertos.o(i.Mode_Change) refers to tim.o(.bss) for htim3
    freertos.o(i.Mode_Change) refers to freertos.o(.data) for .data
    freertos.o(i.StartDefaultTask) refers to oled.o(i.OLED_Hardware_PowerOn) for OLED_Hardware_PowerOn
    freertos.o(i.StartDefaultTask) refers to bluetooth.o(i.BT_Open) for BT_Open
    freertos.o(i.StartDefaultTask) refers to oled.o(i.OLED_Clear) for OLED_Clear
[...]
    HAL_GetTick                              0x08002fc9   Thumb Code     6  stm32f1xx_hal.o(i.HAL_GetTick)
    HAL_I2C_Init                             0x08002fd5   Thumb Code   376  stm32f1xx_hal_i2c.o(i.HAL_I2C_Init)
    HAL_I2C_Mem_Write                        0x0800315d   Thumb Code   294  stm32f1xx_hal_i2c.o(i.HAL_I2C_Mem_Write)
    HAL_I2C_MspInit                          0x0800328d   Thumb Code    80  i2c.o(i.HAL_I2C_MspInit)
    HAL_IncTick                              0x080032e9   Thumb Code    12  stm32f1xx_hal.o(i.HAL_IncTick)
    HAL_Init                                 0x080032f9   Thumb Code    32  stm32f1xx_hal.o(i.HAL_Init)
    HAL_InitTick                             0x0800331d   Thumb Code   132  stm32f1xx_hal_timebase_tim.o(i.HAL_InitTick)
    HAL_MspInit                              0x080033b5   Thumb Code    62  stm32f1xx_hal_msp.o(i.HAL_MspInit)
    HAL_NVIC_EnableIRQ                       0x080033fd   Thumb Code    26  stm32f1xx_hal_cortex.o(i.HAL_NVIC_EnableIRQ)
    HAL_NVIC_SetPriority                     0x08003419   Thumb Code    60  stm32f1xx_hal_cortex.o(i.HAL_NVIC_SetPriority)
    HAL_NVIC_SetPriorityGrouping             0x08003459   Thumb Code    26  stm32f1xx_hal_cortex.o(i.HAL_NVIC_SetPriorityGrouping)
    HAL_PWR_EnableWakeUpPin                  0x0800347d   Thumb Code    22  stm32f1xx_hal_pwr.o(i.HAL_PWR_EnableWakeUpPin)
    HAL_PWR_EnterSTANDBYMode                 0x08003499   Thumb Code    24  stm32f1xx_hal_pwr.o(i.HAL_PWR_EnterSTANDBYMode)
    HAL_RCCEx_PeriphCLKConfig                0x080034b9   Thumb Code   224  stm32f1xx_hal_rcc_ex.o(i.HAL_RCCEx_PeriphCLKConfig)
    HAL_RCC_ClockConfig                      0x080035a5   Thumb Code   280  stm32f1xx_hal_rcc.o(i.HAL_RCC_ClockConfig)
    HAL_RCC_GetClockConfig                   0x080036d1   Thumb Code    54  stm32f1xx_hal_rcc.o(i.HAL_RCC_GetClockConfig)
    HAL_RCC_GetPCLK1Freq                     0x08003711   Thumb Code    20  stm32f1xx_hal_rcc.o(i.HAL_RCC_GetPCLK1Freq)
    HAL_RCC_GetPCLK2Freq                     0x08003731   Thumb Code    20  stm32f1xx_hal_rcc.o(i.HAL_RCC_GetPCLK2Freq)
    HAL_RCC_GetSysClockFreq                  0x08003751   Thumb Code    58  stm32f1xx_hal_rcc.o(i.HAL_RCC_GetSysClockFreq)
    HAL_RCC_OscConfig                        0x0800379d   Thumb Code   778  stm32f1xx_hal_rcc.o(i.HAL_RCC_OscConfig)
    HAL_TIMEx_BreakCallback                  0x08003abd   Thumb Code     2  stm32f1xx_hal_tim_ex.o(i.HAL_TIMEx_BreakCallback)
    HAL_TIMEx_CommutCallback                 0x08003abf   Thumb Code     2  stm32f1xx_hal_tim_ex.o(i.HAL_TIMEx_CommutCallback)
    HAL_TIMEx_MasterConfigSynchronization    0x08003ac1   Thumb Code    92  stm32f1xx_hal_tim_ex.o(i.HAL_TIMEx_MasterConfigSynchronization)
    HAL_TIM_Base_Init                        0x08003b29   Thumb Code    90  stm32f1xx_hal_tim.o(i.HAL_TIM_Base_Init)
    HAL_TIM_Base_MspInit                     0x08003b85   Thumb Code    30  tim.o(i.HAL_TIM_Base_MspInit)
    HAL_TIM_Base_Start                       0x08003bad   Thumb Code    66  stm32f1xx_hal_tim.o(i.HAL_TIM_Base_Start)
    HAL_TIM_Base_Start_IT                    0x08003bfd   Thumb Code    76  stm32f1xx_hal_tim.o(i.HAL_TIM_Base_Start_IT)
    HAL_TIM_Base_Stop                        0x08003c55   Thumb Code    38  stm32f1xx_hal_tim.o(i.HAL_TIM_Base_Stop)
    HAL_TIM_ConfigClockSource                0x08003c7b   Thumb Code   220  stm32f1xx_hal_tim.o(i.HAL_TIM_ConfigClockSource)
    HAL_TIM_GenerateEvent                    0x08003d57   Thumb Code    38  stm32f1xx_hal_tim.o(i.HAL_TIM_GenerateEvent)
    HAL_TIM_IC_CaptureCallback               0x08003d7d   Thumb Code     2  stm32f1xx_hal_tim.o(i.HAL_TIM_IC_CaptureCallback)
    HAL_TIM_IRQHandler                       0x08003d7f   Thumb Code   304  stm32f1xx_hal_tim.o(i.HAL_TIM_IRQHandler)
    HAL_TIM_OC_DelayElapsedCallback          0x08003eaf   Thumb Code     2  stm32f1xx_hal_tim.o(i.HAL_TIM_OC_DelayElapsedCallback)
    HAL_TIM_PWM_PulseFinishedCallback        0x08003eb1   Thumb Code     2  stm32f1xx_hal_tim.o(i.HAL_TIM_PWM_PulseFinishedCallback)
    HAL_TIM_PeriodElapsedCallback            0x08003eb5   Thumb Code    14  main.o(i.HAL_TIM_PeriodElapsedCallback)
    HAL_TIM_TriggerCallback                  0x08003ec9   Thumb Code     2  stm32f1xx_hal_tim.o(i.HAL_TIM_TriggerCallback)
    HAL_UARTEx_RxEventCallback               0x08003ecb   Thumb Code     2  stm32f1xx_hal_uart.o(i.HAL_UARTEx_RxEventCallback)
    HAL_UART_AbortReceive                    0x08003ecd   Thumb Code   148  stm32f1xx_hal_uart.o(i.HAL_UART_AbortReceive)
    HAL_UART_ErrorCallback                   0x08003f61   Thumb Code     2  stm32f1xx_hal_uart.o(i.HAL_UART_ErrorCallback)
    HAL_UART_IRQHandler                      0x08003f65   Thumb Code   616  stm32f1xx_hal_uart.o(i.HAL_UART_IRQHandler)
    HAL_UART_Init                            0x080041d1   Thumb Code   100  stm32f1xx_hal_uart.o(i.HAL_UART_Init)
    HAL_UART_MspInit                         0x08004235   Thumb Code   156  usart.o(i.HAL_UART_MspInit)
    HAL_UART_Receive_IT                      0x080042e5   Thumb Code    28  stm32f1xx_hal_uart.o(i.HAL_UART_Receive_IT)
    HAL_UART_RxCpltCallback                  0x08004301   Thumb Code   120  bluetooth.o(i.HAL_UART_RxCpltCallback)
    HAL_UART_Transmit_DMA                    0x0800438d   Thumb Code   106  stm32f1xx_hal_uart.o(i.HAL_UART_Transmit_DMA)
    HAL_UART_TxCpltCallback                  0x08004405   Thumb Code     2  stm32f1xx_hal_uart.o(i.HAL_UART_TxCpltCallback)
    HAL_UART_TxHalfCpltCallback              0x08004407   Thumb Code     2  stm32f1xx_hal_uart.o(i.HAL_UART_TxHalfCpltCallback)
    HammingDecoder                           0x08004409   Thumb Code   256  decoder.o(i.HammingDecoder)
    HardFault_Handler                        0x08004509   Thumb Code     2  stm32f1xx_it.o(i.HardFault_Handler)
    MX_ADC1_Init                             0x080047dd   Thumb Code    70  adc.o(i.MX_ADC1_Init)
    MX_DMA_Init                              0x0800482d   Thumb Code    56  dma.o(i.MX_DMA_Init)
    MX_FREERTOS_Init                         0x08004869   Thumb Code    74  freertos.o(i.MX_FREERTOS_Init)
    MX_GPIO_Init                             0x080048c1   Thumb Code   222  gpio.o(i.MX_GPIO_Init)
    MX_I2C1_Init                             0x080049b1   Thumb Code    50  i2c.o(i.MX_I2C1_Init)
    MX_TIM3_Init                             0x080049f1   Thumb Code    94  tim.o(i.MX_TIM3_Init)
    MX_USART1_UART_Init                      0x08004a59   Thumb Code    48  usart.o(i.MX_USART1_UART_Init)
    Match_Filter                             0x08004a91   Thumb Code   172  preprocessing.o(i.Match_Filter)
    MemManage_Handler                        0x08004b5d   Thumb Code     2  stm32f1xx_it.o(i.MemManage_Handler)
    Mode_Change                              0x08004b61   Thumb Code    36  freertos.o(i.Mode_Change)
    NMI_Handler                              0x08004b8d   Thumb Code     2  stm32f1xx_it.o(i.NMI_Handler)
    OLED_Clear                               0x08004b91   Thumb Code    58  oled.o(i.OLED_Clear)
    OLED_Hardware_PowerOff                   0x08004bd1   Thumb Code    48  oled.o(i.OLED_Hardware_PowerOff)
    OLED_Hardware_PowerOn                    0x08004c05   Thumb Code    54  oled.o(i.OLED_Hardware_PowerOn)
    OLED_Init                                0x08004c41   Thumb Code   168  oled.o(i.OLED_Init)
    OLED_Poweroff                            0x08004cf1   Thumb Code    54  oled.o(i.OLED_Poweroff)
    OLED_Poweron                             0x08004d2d   Thumb Code    52  oled.o(i.OLED_Poweron)
    OLED_SetCursor                           0x08004d65   Thumb Code    34  oled.o(i.OLED_SetCursor)
    OLED_ShowChar                            0x08004d89   Thumb Code   122  oled.o(i.OLED_ShowChar)
    OLED_ShowString                          0x08004e0d   Thumb Code    60  oled.o(i.OLED_ShowString)
    OLED_WriteCommand                        0x08004e4d   Thumb Code    30  oled.o(i.OLED_WriteCommand)
    OLED_WriteData                           0x08004e71   Thumb Code    30  oled.o(i.OLED_WriteData)
    Power_Init                               0x08004e95   Thumb Code    16  powermanager.o(i.Power_Init)
    Power_Manager_Task                       0x08004ea9   Thumb Code   154  powermanager.o(i.Power_Manager_Task)
    Power_RefreshActivity                    0x08004f61   Thumb Code    12  powermanager.o(i.Power_RefreshActivity)
    Re_ADC_Init                              0x08004f71   Thumb Code    20  receiver_adc.o(i.Re_ADC_Init)
    Re_ADC_Queue_Register                    0x08004f8d   Thumb Code    28  receiver_adc.o(i.Re_ADC_Queue_Register)
    Re_ADC_Start                             0x08004fad   Thumb Code    38  receiver_adc.o(i.Re_ADC_Start)
    Re_ADC_Stop                              0x08004fdd   Thumb Code    38  receiver_adc.o(i.Re_ADC_Stop)
    StartDefaultTask                         0x0800500d   Thumb Code   124  freertos.o(i.StartDefaultTask)
    SysTick_Handler                          0x080050cd   Thumb Code    26  cmsis_os2.o(i.SysTick_Handler)
    SystemClock_Config                       0x080050e7   Thumb Code   116  main.o(i.SystemClock_Config)
    SystemInit                               0x0800515b   Thumb Code     2  system_stm32f1xx.o(i.SystemInit)
    TIM4_IRQHandler                          0x0800515d   Thumb Code     6  stm32f1xx_it.o(i.TIM4_IRQHandler)
    TIM_Base_SetConfig                       0x08005169   Thumb Code   108  stm32f1xx_hal_tim.o(i.TIM_Base_SetConfig)
    TIM_ETR_SetConfig                        0x080051e1   Thumb Code    20  stm32f1xx_hal_tim.o(i.TIM_ETR_SetConfig)
    UART_Start_Receive_IT                    0x080054d5   Thumb Code    54  stm32f1xx_hal_uart.o(i.UART_Start_Receive_IT)
    USART1_IRQHandler                        0x0800550d   Thumb Code     6  stm32f1xx_it.o(i.USART1_IRQHandler)
    UsageFault_Handler                       0x08005519   Thumb Code     2  stm32f1xx_it.o(i.UsageFault_Handler)
    __ARM_fpclassify                         0x0800551b   Thumb Code    40  fpclassify.o(i.__ARM_fpclassify)
    _is_digit                                0x08005563   Thumb Code    14  __printf_wp.o(i._is_digit)
    eTaskGetState                            0x08005571   Thumb Code   106  tasks.o(i.eTaskGetState)
    judgementTask                            0x080055e5   Thumb Code   372  freertos.o(i.judgementTask)
    main                                     0x0800578d   Thumb Code    46  main.o(i.main)
    messageTask                              0x080057bd   Thumb Code   356  freertos.o(i.messageTask)
    osDelay                                  0x0800596d   Thumb Code    26  cmsis_os2.o(i.osDelay)
    osKernelGetState                         0x08005989   Thumb Code    28  cmsis_os2.o(i.osKernelGetState)
    osKernelGetTickCount                     0x080059a9   Thumb Code    14  cmsis_os2.o(i.osKernelGetTickCount)
    osKernelInitialize                       0x080059b9   Thumb Code    32  cmsis_os2.o(i.osKernelInitialize)
    osKernelStart                            0x080059dd   Thumb Code    48  cmsis_os2.o(i.osKernelStart)
    osMessageQueueGet                        0x08005a15   Thumb Code    96  cmsis_os2.o(i.osMessageQueueGet)
    osMessageQueueNew                        0x08005a79   Thumb Code    88  cmsis_os2.o(i.osMessageQueueNew)
    osMessageQueuePut                        0x08005ad1   Thumb Code   100  cmsis_os2.o(i.osMessageQueuePut)
    osMessageQueueReset                      0x08005b39   Thumb Code    34  cmsis_os2.o(i.osMessageQueueReset)
    osMutexAcquire                           0x08005b5b   Thumb Code    82  cmsis_os2.o(i.osMutexAcquire)
    osMutexNew                               0x08005bad   Thumb Code   104  cmsis_os2.o(i.osMutexNew)
    osMutexRelease                           0x08005c15   Thumb Code    66  cmsis_os2.o(i.osMutexRelease)
    osSemaphoreAcquire                       0x08005c59   Thumb Code    88  cmsis_os2.o(i.osSemaphoreAcquire)
    osSemaphoreNew                           0x08005cb5   Thumb Code   152  cmsis_os2.o(i.osSemaphoreNew)
    osSemaphoreRelease                       0x08005d4d   Thumb Code    82  cmsis_os2.o(i.osSemaphoreRelease)
    osThreadGetId                            0x08005da5   Thumb Code     4  cmsis_os2.o(i.osThreadGetId)
    osThreadNew                              0x08005da9   Thumb Code   138  cmsis_os2.o(i.osThreadNew)
    osThreadTerminate                        0x08005e33   Thumb Code    52  cmsis_os2.o(i.osThreadTerminate)
    pvPortMalloc                             0x08006691   Thumb Code   216  heap_4.o(i.pvPortMalloc)
    pvTaskIncrementMutexHeldCount            0x0800676d   Thumb Code    18  tasks.o(i.pvTaskIncrementMutexHeldCount)
    pxPortInitialiseStack                    0x08006785   Thumb Code    32  port.o(i.pxPortInitialiseStack)
    uxListRemove                             0x080067a9   Thumb Code    38  list.o(i.uxListRemove)
    vApplicationGetIdleTaskMemory            0x080067d1   Thumb Code    16  cmsis_os2.o(i.vApplicationGetIdleTaskMemory)
    vApplicationGetTimerTaskMemory           0x080067e5   Thumb Code    18  cmsis_os2.o(i.vApplicationGetTimerTaskMemory)
    vListInitialise                          0x080067fd   Thumb Code    22  list.o(i.vListInitialise)
    vListInitialiseItem                      0x08006813   Thumb Code     6  list.o(i.vListInitialiseItem)
    vListInsert                              0x08006819   Thumb Code    48  list.o(i.vListInsert)
    vListInsertEnd                           0x08006849   Thumb Code    24  list.o(i.vListInsertEnd)
    vPortEnterCritical                       0x08006861   Thumb Code    54  port.o(i.vPortEnterCritical)
    vPortExitCritical                        0x080068a1   Thumb Code    34  port.o(i.vPortExitCritical)
    vPortFree                                0x080068c9   Thumb Code    94  heap_4.o(i.vPortFree)
    vPortSetupTimerInterrupt                 0x0800692d   Thumb Code    32  port.o(i.vPortSetupTimerInterrupt)
    vPortValidateInterruptPriority           0x08006951   Thumb Code    74  port.o(i.vPortValidateInterruptPriority)
    vQueueAddToRegistry                      0x080069a5   Thumb Code    34  queue.o(i.vQueueAddToRegistry)
    vQueueDelete                             0x080069cd   Thumb Code    46  queue.o(i.vQueueDelete)
    vQueueUnregisterQueue                    0x080069fd   Thumb Code    36  queue.o(i.vQueueUnregisterQueue)
    vQueueWaitForMessageRestricted           0x08006a25   Thumb Code    68  queue.o(i.vQueueWaitForMessageRestricted)
    vTaskDelay                               0x08006a69   Thumb Code    66  tasks.o(i.vTaskDelay)
    vTaskDelete                              0x08006ab5   Thumb Code   130  tasks.o(i.vTaskDelete)
    vTaskInternalSetTimeOutState             0x08006b45   Thumb Code    12  tasks.o(i.vTaskInternalSetTimeOutState)
    vTaskMissedYield                         0x08006b55   Thumb Code     8  tasks.o(i.vTaskMissedYield)
    vTaskPlaceOnEventList                    0x08006b61   Thumb Code    44  tasks.o(i.vTaskPlaceOnEventList)
    vTaskPlaceOnEventListRestricted          0x08006b91   Thumb Code    52  tasks.o(i.vTaskPlaceOnEventListRestricted)
    vTaskPriorityDisinheritAfterTimeout      0x08006bc9   Thumb Code   134  tasks.o(i.vTaskPriorityDisinheritAfterTimeout)
    vTaskStartScheduler                      0x08006c59   Thumb Code   118  tasks.o(i.vTaskStartScheduler)
    vTaskSuspendAll                          0x08006ce1   Thumb Code    10  tasks.o(i.vTaskSuspendAll)
    vTaskSwitchContext                       0x08006cf1   Thumb Code    90  tasks.o(i.vTaskSwitchContext)
    xPortStartScheduler                      0x08006d55   Thumb Code   154  port.o(i.xPortStartScheduler)
    xPortSysTickHandler                      0x08006dfd   Thumb Code    38  port.o(i.xPortSysTickHandler)
    xQueueAddToSet                           0x08006e29   Thumb Code    34  queue.o(i.xQueueAddToSet)
    xQueueCreateCountingSemaphore            0x08006e4b   Thumb Code    58  queue.o(i.xQueueCreateCountingSemaphore)
    xQueueCreateCountingSemaphoreStatic      0x08006e85   Thumb Code    64  queue.o(i.xQueueCreateCountingSemaphoreStatic)
    xQueueCreateMutex                        0x08006ec5   Thumb Code    22  queue.o(i.xQueueCreateMutex)
    xQueueCreateMutexStatic                  0x08006edb   Thumb Code    26  queue.o(i.xQueueCreateMutexStatic)
    xQueueCreateSet                          0x08006ef5   Thumb Code     8  queue.o(i.xQueueCreateSet)
    xQueueGenericCreate                      0x08006efd   Thumb Code    66  queue.o(i.xQueueGenericCreate)
    xQueueGenericCreateStatic                0x08006f3f   Thumb Code   102  queue.o(i.xQueueGenericCreateStatic)
    xQueueGenericReset                       0x08006fa5   Thumb Code   132  queue.o(i.xQueueGenericReset)
    xQueueGenericSend                        0x0800702d   Thumb Code   372  queue.o(i.xQueueGenericSend)
    xQueueGenericSendFromISR                 0x080071a5   Thumb Code   214  queue.o(i.xQueueGenericSendFromISR)
    xQueueGiveFromISR                        0x0800727b   Thumb Code   172  queue.o(i.xQueueGiveFromISR)
    xQueueGiveMutexRecursive                 0x08007327   Thumb Code    62  queue.o(i.xQueueGiveMutexRecursive)
    xQueueReceive                            0x08007365   Thumb Code   308  queue.o(i.xQueueReceive)
    xQueueReceiveFromISR                     0x0800749d   Thumb Code   154  queue.o(i.xQueueReceiveFromISR)
    xQueueSelectFromSet                      0x08007537   Thumb Code    18  queue.o(i.xQueueSelectFromSet)
    xQueueSemaphoreTake                      0x08007549   Thumb Code   372  queue.o(i.xQueueSemaphoreTake)
    xQueueTakeMutexRecursive                 0x080076c1   Thumb Code    64  queue.o(i.xQueueTakeMutexRecursive)
    xTaskCheckForTimeOut                     0x08007701   Thumb Code   112  tasks.o(i.xTaskCheckForTimeOut)
    xTaskCreate                              0x08007775   Thumb Code    90  tasks.o(i.xTaskCreate)
    xTaskCreateStatic                        0x080077cf   Thumb Code    86  tasks.o(i.xTaskCreateStatic)
    xTaskGetCurrentTaskHandle                0x08007825   Thumb Code     6  tasks.o(i.xTaskGetCurrentTaskHandle)
    xTaskGetSchedulerState                   0x08007831   Thumb Code    22  tasks.o(i.xTaskGetSchedulerState)
    xTaskGetTickCount                        0x0800784d   Thumb Code     6  tasks.o(i.xTaskGetTickCount)
    xTaskGetTickCountFromISR                 0x08007859   Thumb Code    12  tasks.o(i.xTaskGetTickCountFromISR)
    xTaskIncrementTick                       0x08007869   Thumb Code   192  tasks.o(i.xTaskIncrementTick)
    xTaskPriorityDisinherit                  0x08007931   Thumb Code   118  tasks.o(i.xTaskPriorityDisinherit)
    xTaskPriorityInherit                     0x080079b1   Thumb Code   112  tasks.o(i.xTaskPriorityInherit)
    xTaskRemoveFromEventList                 0x08007a29   Thumb Code    98  tasks.o(i.xTaskRemoveFromEventList)
    xTaskResumeAll                           0x08007a99   Thumb Code   182  tasks.o(i.xTaskResumeAll)
    xTimerCreateTimerTask                    0x08007b5d   Thumb Code    78  timers.o(i.xTimerCreateTimerTask)
    xTimerGenericCommand                     0x08007bbd   Thumb Code    98  timers.o(i.xTimerGenericCommand)
    _get_lc_numeric                          0x08007c25   Thumb Code    44  lc_numeric_c.o(locale$$code)
    _get_lc_ctype                            0x08007c51   Thumb Code    44  lc_ctype_c.o(locale$$code)
    __aeabi_d2f                              0x08007c7d   Thumb Code     0  d2f.o(x$fpl$d2f)
    _d2f                                     0x08007c7d   Thumb Code    98  d2f.o(x$fpl$d2f)
    __aeabi_dadd                             0x08007ce1   Thumb Code     0  daddsub_clz.o(x$fpl$dadd)
    _dadd                                    0x08007ce1   Thumb Code   332  daddsub_clz.o(x$fpl$dadd)
    __fpl_dcheck_NaN1                        0x08007e31   Thumb Code    10  dcheck1.o(x$fpl$dcheck1)
    __aeabi_dmul                             0x08007e41   Thumb Code     0  dmul.o(x$fpl$dmul)
    _dmul                                    0x08007e41   Thumb Code   332  dmul.o(x$fpl$dmul)
    __fpl_dnaninf                            0x08007f95   Thumb Code   156  dnaninf.o(x$fpl$dnaninf)
    __fpl_dretinf                            0x08008031   Thumb Code    12  dretinf.o(x$fpl$dretinf)
    __aeabi_dsub                             0x0800803d   Thumb Code     0  daddsub_clz.o(x$fpl$dsub)
    _dsub                                    0x0800803d   Thumb Code   464  daddsub_clz.o(x$fpl$dsub)
    __aeabi_f2d                              0x08008211   Thumb Code     0  f2d.o(x$fpl$f2d)
    _f2d                                     0x08008211   Thumb Code    86  f2d.o(x$fpl$f2d)
    __aeabi_fadd                             0x08008269   Thumb Code     0  faddsub_clz.o(x$fpl$fadd)
    _fadd                                    0x08008269   Thumb Code   196  faddsub_clz.o(x$fpl$fadd)
    __fpl_fcheck_NaN1                        0x0800832d   Thumb Code     6  fcheck1.o(x$fpl$fcheck1)
    __aeabi_fdiv                             0x08008339   Thumb Code     0  fdiv.o(x$fpl$fdiv)
    _fdiv                                    0x08008339   Thumb Code   384  fdiv.o(x$fpl$fdiv)
    __aeabi_f2iz                             0x080084bd   Thumb Code     0  ffix.o(x$fpl$ffix)
    _ffix                                    0x080084bd   Thumb Code    54  ffix.o(x$fpl$ffix)
    __aeabi_i2f                              0x080084f5   Thumb Code     0  fflt_clz.o(x$fpl$fflt)
    _fflt                                    0x080084f5   Thumb Code    48  fflt_clz.o(x$fpl$fflt)
    __aeabi_ui2f                             0x08008525   Thumb Code     0  fflt_clz.o(x$fpl$ffltu)
    _ffltu                                   0x08008525   Thumb Code    38  fflt_clz.o(x$fpl$ffltu)
    __aeabi_fmul                             0x0800854d   Thumb Code     0  fmul.o(x$fpl$fmul)
    _fmul                                    0x0800854d   Thumb Code   258  fmul.o(x$fpl$fmul)
    __fpl_fnaninf                            0x0800864f   Thumb Code   140  fnaninf.o(x$fpl$fnaninf)
    __fpl_fretinf                            0x080086db   Thumb Code    10  fretinf.o(x$fpl$fretinf)
    __aeabi_frsub                            0x080086e5   Thumb Code     0  faddsub_clz.o(x$fpl$frsb)
    _frsb                                    0x080086e5   Thumb Code    20  faddsub_clz.o(x$fpl$frsb)
    __aeabi_fsub                             0x080086f9   Thumb Code     0  faddsub_clz.o(x$fpl$fsub)
    _fsub                                    0x080086f9   Thumb Code   234  faddsub_clz.o(x$fpl$fsub)
    _printf_fp_dec                           0x080087e3   Thumb Code     4  printf1.o(x$fpl$printf1)
    _printf_fp_hex                           0x080087e7   Thumb Code     4  printf2.o(x$fpl$printf2)
    __fpl_return_NaN                         0x080087eb   Thumb Code   100  retnan.o(x$fpl$retnan)
    __ARM_scalbn                             0x0800884f   Thumb Code    92  scalbn.o(x$fpl$scalbn)
    __ARM_scalbnf                            0x080088ab   Thumb Code    76  scalbnf.o(x$fpl$scalbnf)
    __fpl_cmpreturn                          0x080088f7   Thumb Code    48  trapv.o(x$fpl$trapveneer)
    __I$use$fp                               0x08008926   Number         0  usenofp.o(x$fpl$usenofp)
    defaultTask_attributes                   0x08008928   Data          36  freertos.o(.constdata)
    judgementQueue_attributes                0x0800894c   Data          24  freertos.o(.constdata)
    messageQueue_attributes                  0x08008964   Data          24  freertos.o(.constdata)
    blueToothQueue_attributes                0x0800897c   Data          24  freertos.o(.constdata)
    fineScanSem_attributes                   0x08008994   Data          16  freertos.o(.constdata)
    AHBPrescTable                            0x080089b6   Data          16  system_stm32f1xx.o(.constdata)
    APBPrescTable                            0x080089c6   Data           8  system_stm32f1xx.o(.constdata)
    OLED_F8x16                               0x080089d0   Data        1520  oled.o(.constdata)
    Region$$Table$$Base                      0x08009124   Number         0  anon$$obj.o(Region$$Table)
    Region$$Table$$Limit                     0x08009144   Number         0  anon$$obj.o(Region$$Table)
    __ctype                                  0x0800916d   Data           0  lc_ctype_c.o(locale$$data)
    scanFlag                                 0x20000000   Data           1  freertos.o(.data)
    judgementTaskCreateReturn                0x20000004   Data           4  freertos.o(.data)
    judgementTaskHandle                      0x20000008   Data           4  freertos.o(.data)
    messageTaskCreateReturn                  0x2000000c   Data           4  freertos.o(.data)
    messageTaskHandle                        0x20000010   Data           4  freertos.o(.data)
    powerTaskCreateReturn                    0x20000014   Data           4  freertos.o(.data)
    powerTaskHandle                          0x20000018   Data           4  freertos.o(.data)
    defaultTaskHandle                        0x2000001c   Data           4  freertos.o(.data)
    judgementQueueHandle                     0x20000020   Data           4  freertos.o(.data)
    messageQueueHandle                       0x20000024   Data           4  freertos.o(.data)
    blueToothQueueHandle                     0x20000028   Data           4  freertos.o(.data)
    fineScanSemHandle                        0x2000002c   Data           4  freertos.o(.data)
    masterQueueSet                           0x20000030   Data           4  freertos.o(.data)
    uwTickFreq                               0x20000034   Data           1  stm32f1xx_hal.o(.data)
    uwTickPrio                               0x20000038   Data           4  stm32f1xx_hal.o(.data)
    uwTick                                   0x2000003c   Data           4  stm32f1xx_hal.o(.data)
    SystemCoreClock                          0x20000040   Data           4  system_stm32f1xx.o(.data)
    pxCurrentTCB                             0x20000044   Data           4  tasks.o(.data)
    oledMutexHandle                          0x200000c8   Data           4  oled.o(.data)
    g_FinalDisplayMsg                        0x20000114   Data          65  freertos.o(.bss)
    hadc1                                    0x20000158   Data          48  adc.o(.bss)
    hdma_adc1                                0x20000188   Data          68  adc.o(.bss)
    hi2c1                                    0x200001cc   Data          84  i2c.o(.bss)
    htim3                                    0x20000220   Data          72  tim.o(.bss)
    huart1                                   0x20000268   Data          72  usart.o(.bss)
    hdma_usart1_tx                           0x200002b0   Data          68  usart.o(.bss)
    htim4                                    0x200002f4   Data          72  stm32f1xx_hal_timebase_tim.o(.bss)
    xQueueRegistry                           0x2000033c   Data          64  queue.o(.bss)
    g_BT_RawCmdBuf                           0x20003880   Data          64  bluetooth.o(.bss)
    __libspace_start                         0x20003e58   Data          96  libspace.o(.bss)
    __temporary_stack_top$libspace           0x20003eb8   Data           0  libspace.o(.bss)



==============================================================================

Memory Map of the image

  Image Entry point : 0x080000ed

  Load Region LR_IROM1 (Base: 0x08000000, Size: 0x00009384, Max: 0x00010000, ABSOLUTE)

    Execution Region ER_IROM1 (Exec base: 0x08000000, Load base: 0x08000000, Size: 0x00009270, Max: 0x00010000, ABSOLUTE)

    Exec Addr    Load Addr    Size         Type   Attr      Idx    E Section Name        Object

    0x08000000   0x08000000   0x000000ec   Data   RO            3    RESET               startup_stm32f103xb.o
    0x080000ec   0x080000ec   0x00000008   Code   RO         6121  * !!!main             c_w.l(__main.o)
    0x080000f4   0x080000f4   0x00000034   Code   RO         6470    !!!scatter          c_w.l(__scatter.o)
    0x08000128   0x08000128   0x0000001a   Code   RO         6472    !!handler_copy      c_w.l(__scatter_copy.o)
    0x08000142   0x08000142   0x00000002   PAD
    0x08000144   0x08000144   0x0000001c   Code   RO         6474    !!handler_zi        c_w.l(__scatter_zi.o)
    0x08000160   0x08000160   0x00000000   Code   RO         6100    .ARM.Collect$$_printf_percent$$00000000  c_w.l(_printf_percent.o)
    0x08000160   0x08000160   0x00000006   Code   RO         6210    .ARM.Collect$$_printf_percent$$00000001  c_w.l(_printf_n.o)
    0x08000166   0x08000166   0x00000006   Code   RO         6212    .ARM.Collect$$_printf_percent$$00000002  c_w.l(_printf_p.o)
    0x0800016c   0x0800016c   0x00000006   Code   RO         6216    .ARM.Collect$$_printf_percent$$00000003  c_w.l(_printf_f.o)
    0x08000172   0x08000172   0x00000006   Code   RO         6217    .ARM.Collect$$_printf_percent$$00000004  c_w.l(_printf_e.o)
    0x08000178   0x08000178   0x00000006   Code   RO         6218    .ARM.Collect$$_printf_percent$$00000005  c_w.l(_printf_g.o)
    0x0800017e   0x0800017e   0x00000006   Code   RO         6219    .ARM.Collect$$_printf_percent$$00000006  c_w.l(_printf_a.o)
    0x08000184   0x08000184   0x0000000a   Code   RO         6224    .ARM.Collect$$_printf_percent$$00000007  c_w.l(_printf_ll.o)
    0x0800018e   0x0800018e   0x00000006   Code   RO         6214    .ARM.Collect$$_printf_percent$$00000008  c_w.l(_printf_i.o)
    0x08000194   0x08000194   0x00000006   Code   RO         6099    .ARM.Collect$$_printf_percent$$00000009  c_w.l(_printf_d.o)
    0x0800019a   0x0800019a   0x00000006   Code   RO         6215    .ARM.Collect$$_printf_percent$$0000000A  c_w.l(_printf_u.o)
    0x080001a0   0x080001a0   0x00000006   Code   RO         6213    .ARM.Collect$$_printf_percent$$0000000B  c_w.l(_printf_o.o)
    0x080001a6   0x080001a6   0x00000006   Code   RO         6211    .ARM.Collect$$_printf_percent$$0000000C  c_w.l(_printf_x.o)
    0x080001ac   0x080001ac   0x00000006   Code   RO         6221    .ARM.Collect$$_printf_percent$$0000000D  c_w.l(_printf_lli.o)
    0x080001b2   0x080001b2   0x00000006   Code   RO         6222    .ARM.Collect$$_printf_percent$$0000000E  c_w.l(_printf_lld.o)
    0x080001b8   0x080001b8   0x00000006   Code   RO         6223    .ARM.Collect$$_printf_percent$$0000000F  c_w.l(_printf_llu.o)
    0x080001be   0x080001be   0x00000006   Code   RO         6228    .ARM.Collect$$_printf_percent$$00000010  c_w.l(_printf_llo.o)
    0x080001c4   0x080001c4   0x00000006   Code   RO         6229    .ARM.Collect$$_printf_percent$$00000011  c_w.l(_printf_llx.o)
    0x080001ca   0x080001ca   0x0000000a   Code   RO         6225    .ARM.Collect$$_printf_percent$$00000012  c_w.l(_printf_l.o)
    0x080001d4   0x080001d4   0x00000006   Code   RO         6097    .ARM.Collect$$_printf_percent$$00000013  c_w.l(_printf_c.o)
    0x080001da   0x080001da   0x00000006   Code   RO         6098    .ARM.Collect$$_printf_percent$$00000014  c_w.l(_printf_s.o)
    0x080001e0   0x080001e0   0x00000006   Code   RO         6226    .ARM.Collect$$_printf_percent$$00000015  c_w.l(_printf_lc.o)
    0x080001e6   0x080001e6   0x00000006   Code   RO         6227    .ARM.Collect$$_printf_percent$$00000016  c_w.l(_printf_ls.o)
    0x080001ec   0x080001ec   0x00000004   Code   RO         6220    .ARM.Collect$$_printf_percent$$00000017  c_w.l(_printf_percent_end.o)
    0x080001f0   0x080001f0   0x00000002   Code   RO         6329    .ARM.Collect$$libinit$$00000000  c_w.l(libinit.o)
    0x080001f2   0x080001f2   0x00000000   Code   RO         6347    .ARM.Collect$$libinit$$00000002  c_w.l(libinit2.o)
    0x080001f2   0x080001f2   0x00000000   Code   RO         6349    .ARM.Collect$$libinit$$00000004  c_w.l(libinit2.o)
    0x080001f2   0x080001f2   0x00000000   Code   RO         6352    .ARM.Collect$$libinit$$0000000A  c_w.l(libinit2.o)
    0x080001f2   0x080001f2   0x00000000   Code   RO         6354    .ARM.Collect$$libinit$$0000000C  c_w.l(libinit2.o)
    0x080001f2   0x080001f2   0x00000000   Code   RO         6356    .ARM.Collect$$libinit$$0000000E  c_w.l(libinit2.o)
    0x080001f2   0x080001f2   0x00000006   Code   RO         6357    .ARM.Collect$$libinit$$0000000F  c_w.l(libinit2.o)
    0x080001f8   0x080001f8   0x00000000   Code   RO         6359    .ARM.Collect$$libinit$$00000011  c_w.l(libinit2.o)
    0x080001f8   0x080001f8   0x0000000c   Code   RO         6360    .ARM.Collect$$libinit$$00000012  c_w.l(libinit2.o)
    0x08000204   0x08000204   0x00000000   Code   RO         6361    .ARM.Collect$$libinit$$00000013  c_w.l(libinit2.o)
    0x08000204   0x08000204   0x00000000   Code   RO         6363    .ARM.Collect$$libinit$$00000015  c_w.l(libinit2.o)
    0x08000204   0x08000204   0x0000000a   Code   RO         6364    .ARM.Collect$$libinit$$00000016  c_w.l(libinit2.o)
    0x0800020e   0x0800020e   0x00000000   Code   RO         6365    .ARM.Collect$$libinit$$00000017  c_w.l(libinit2.o)
    0x0800020e   0x0800020e   0x00000000   Code   RO         6367    .ARM.Collect$$libinit$$00000019  c_w.l(libinit2.o)
    0x0800020e   0x0800020e   0x00000000   Code   RO         6369    .ARM.Collect$$libinit$$0000001B  c_w.l(libinit2.o)
    0x0800020e   0x0800020e   0x00000000   Code   RO         6371    .ARM.Collect$$libinit$$0000001D  c_w.l(libinit2.o)
    0x0800020e   0x0800020e   0x00000000   Code   RO         6373    .ARM.Collect$$libinit$$0000001F  c_w.l(libinit2.o)
    0x0800020e   0x0800020e   0x00000000   Code   RO         6375    .ARM.Collect$$libinit$$00000021  c_w.l(libinit2.o)
    0x0800020e   0x0800020e   0x00000000   Code   RO         6377    .ARM.Collect$$libinit$$00000023  c_w.l(libinit2.o)
    0x0800020e   0x0800020e   0x00000000   Code   RO         6379    .ARM.Collect$$libinit$$00000025  c_w.l(libinit2.o)
    0x0800020e   0x0800020e   0x00000000   Code   RO         6383    .ARM.Collect$$libinit$$0000002C  c_w.l(libinit2.o)
    0x0800020e   0x0800020e   0x00000000   Code   RO         6385    .ARM.Collect$$libinit$$0000002E  c_w.l(libinit2.o)
    0x0800020e   0x0800020e   0x00000000   Code   RO         6387    .ARM.Collect$$libinit$$00000030  c_w.l(libinit2.o)
    0x0800020e   0x0800020e   0x00000000   Code   RO         6389    .ARM.Collect$$libinit$$00000032  c_w.l(libinit2.o)
    0x0800020e   0x0800020e   0x00000002   Code   RO         6390    .ARM.Collect$$libinit$$00000033  c_w.l(libinit2.o)
    0x08000210   0x08000210   0x00000002   Code   RO         6410    .ARM.Collect$$libshutdown$$00000000  c_w.l(libshutdown.o)
    0x08000212   0x08000212   0x00000000   Code   RO         6423    .ARM.Collect$$libshutdown$$00000002  c_w.l(libshutdown2.o)
    0x08000212   0x08000212   0x00000000   Code   RO         6425    .ARM.Collect$$libshutdown$$00000004  c_w.l(libshutdown2.o)
    0x08000212   0x08000212   0x00000000   Code   RO         6428    .ARM.Collect$$libshutdown$$00000007  c_w.l(libshutdown2.o)
    0x08000212   0x08000212   0x00000000   Code   RO         6431    .ARM.Collect$$libshutdown$$0000000A  c_w.l(libshutdown2.o)
    0x08000212   0x08000212   0x00000000   Code   RO         6433    .ARM.Collect$$libshutdown$$0000000C  c_w.l(libshutdown2.o)
    0x08000212   0x08000212   0x00000000   Code   RO         6436    .ARM.Collect$$libshutdown$$0000000F  c_w.l(libshutdown2.o)
    0x08000212   0x08000212   0x00000002   Code   RO         6437    .ARM.Collect$$libshutdown$$00000010  c_w.l(libshutdown2.o)
    0x08000214   0x08000214   0x00000000   Code   RO         6161    .ARM.Collect$$rtentry$$00000000  c_w.l(__rtentry.o)
    0x08000214   0x08000214   0x00000000   Code   RO         6254    .ARM.Collect$$rtentry$$00000002  c_w.l(__rtentry2.o)
    0x08000214   0x08000214   0x00000006   Code   RO         6266    .ARM.Collect$$rtentry$$00000004  c_w.l(__rtentry4.o)
    0x0800021a   0x0800021a   0x00000000   Code   RO         6256    .ARM.Collect$$rtentry$$00000009  c_w.l(__rtentry2.o)
    0x0800021a   0x0800021a   0x00000004   Code   RO         6257    .ARM.Collect$$rtentry$$0000000A  c_w.l(__rtentry2.o)
    0x0800021e   0x0800021e   0x00000000   Code   RO         6259    .ARM.Collect$$rtentry$$0000000C  c_w.l(__rtentry2.o)
    0x0800021e   0x0800021e   0x00000008   Code   RO         6260    .ARM.Collect$$rtentry$$0000000D  c_w.l(__rtentry2.o)
    0x08000226   0x08000226   0x00000002   Code   RO         6339    .ARM.Collect$$rtexit$$00000000  c_w.l(rtexit.o)
    0x08000228   0x08000228   0x00000000   Code   RO         6392    .ARM.Collect$$rtexit$$00000002  c_w.l(rtexit2.o)
    0x08000228   0x08000228   0x00000004   Code   RO         6393    .ARM.Collect$$rtexit$$00000003  c_w.l(rtexit2.o)
    0x0800022c   0x0800022c   0x00000006   Code   RO         6394    .ARM.Collect$$rtexit$$00000004  c_w.l(rtexit2.o)
    0x08000232   0x08000232   0x00000002   PAD
    0x08000234   0x08000234   0x00000096   Code   RO         5487    .emb_text           port.o
    0x080002ca   0x080002ca   0x00000002   PAD
    0x080002cc   0x080002cc   0x00000040   Code   RO            4    .text               startup_stm32f103xb.o
    0x0800030c   0x0800030c   0x00000034   Code   RO         6061    .text               c_w.l(vsnprintf.o)
    0x08000340   0x08000340   0x00000038   Code   RO         6065    .text               c_w.l(__2snprintf.o)
    0x08000378   0x08000378   0x00000052   Code   RO         6073    .text               c_w.l(_printf_str.o)
    0x080003ca   0x080003ca   0x00000002   PAD
    0x080003cc   0x080003cc   0x00000078   Code   RO         6075    .text               c_w.l(_printf_dec.o)
    0x08000444   0x08000444   0x00000188   Code   RO         6094    .text               c_w.l(__printf_flags_ss_wp.o)
    0x080005cc   0x080005cc   0x00000048   Code   RO         6101    .text               c_w.l(strcpy.o)
    0x08000614   0x08000614   0x0000003e   Code   RO         6103    .text               c_w.l(strlen.o)
    0x08000652   0x08000652   0x00000096   Code   RO         6105    .text               c_w.l(strncmp.o)
    0x080006e8   0x080006e8   0x00000018   Code   RO         6107    .text               c_w.l(strcat.o)
    0x08000700   0x08000700   0x0000008a   Code   RO         6109    .text               c_w.l(rt_memcpy_v6.o)
    0x0800078a   0x0800078a   0x00000010   Code   RO         6113    .text               c_w.l(aeabi_memset.o)
    0x0800079a   0x0800079a   0x00000044   Code   RO         6115    .text               c_w.l(rt_memclr.o)
    0x080007de   0x080007de   0x0000004e   Code   RO         6117    .text               c_w.l(rt_memclr_w.o)
    0x0800082c   0x0800082c   0x00000006   Code   RO         6119    .text               c_w.l(heapauxi.o)
    0x08000832   0x08000832   0x0000004e   Code   RO         6162    .text               c_w.l(_printf_pad.o)
    0x08000880   0x08000880   0x00000024   Code   RO         6164    .text               c_w.l(_printf_truncate.o)
    0x080008a4   0x080008a4   0x000000b2   Code   RO         6166    .text               c_w.l(_printf_intcommon.o)
    0x08000956   0x08000956   0x00000028   Code   RO         6168    .text               c_w.l(_printf_charcount.o)
    0x0800097e   0x0800097e   0x00000002   PAD
    0x08000980   0x08000980   0x00000030   Code   RO         6170    .text               c_w.l(_printf_char_common.o)
    0x080009b0   0x080009b0   0x0000000a   Code   RO         6172    .text               c_w.l(_sputc.o)
    0x080009ba   0x080009ba   0x00000010   Code   RO         6174    .text               c_w.l(_snputc.o)
    0x080009ca   0x080009ca   0x0000002c   Code   RO         6176    .text               c_w.l(_printf_char.o)
    0x080009f6   0x080009f6   0x00000002   PAD
    0x080009f8   0x080009f8   0x000000bc   Code   RO         6178    .text               c_w.l(_printf_wctomb.o)
    0x08000ab4   0x08000ab4   0x0000007c   Code   RO         6181    .text               c_w.l(_printf_longlong_dec.o)
    0x08000b30   0x08000b30   0x00000070   Code   RO         6187    .text               c_w.l(_printf_oct_int_ll.o)
    0x08000ba0   0x08000ba0   0x00000094   Code   RO         6207    .text               c_w.l(_printf_hex_int_ll_ptr.o)
    0x08000c34   0x08000c34   0x00000064   Code   RO         6230    .text               c_w.l(rt_memcpy_w.o)
    0x08000c98   0x08000c98   0x0000008a   Code   RO         6268    .text               c_w.l(lludiv10.o)
    0x08000d22   0x08000d22   0x0000041e   Code   RO         6270    .text               c_w.l(_printf_fp_dec.o)
    0x08001140   0x08001140   0x000002fc   Code   RO         6272    .text               c_w.l(_printf_fp_hex.o)
    0x0800143c   0x0800143c   0x0000002c   Code   RO         6277    .text               c_w.l(_printf_wchar.o)
    0x08001468   0x08001468   0x00000040   Code   RO         6279    .text               c_w.l(_wcrtomb.o)
    0x080014a8   0x080014a8   0x0000004a   Code   RO         6283    .text               c_w.l(sys_stackheap_outer.o)
    0x080014f2   0x080014f2   0x00000002   PAD
    0x080014f4   0x080014f4   0x00000010   Code   RO         6285    .text               c_w.l(rt_ctype_table.o)
    0x08001504   0x08001504   0x00000008   Code   RO         6290    .text               c_w.l(rt_locale_intlibspace.o)
    0x0800150c   0x0800150c   0x00000080   Code   RO         6292    .text               c_w.l(_printf_fp_infnan.o)
    0x0800158c   0x0800158c   0x000000e4   Code   RO         6294    .text               c_w.l(bigflt0.o)
    0x08001670   0x08001670   0x00000012   Code   RO         6322    .text               c_w.l(exit.o)
    0x08001682   0x08001682   0x00000002   PAD
    0x08001684   0x08001684   0x00000008   Code   RO         6336    .text               c_w.l(libspace.o)
    0x0800168c   0x0800168c   0x00000080   Code   RO         6344    .text               c_w.l(strcmpv7m.o)
    0x0800170c   0x0800170c   0x0000000c   Code   RO         6402    .text               c_w.l(sys_exit.o)
    0x08001718   0x08001718   0x00000002   Code   RO         6413    .text               c_w.l(use_no_semi.o)
    0x0800171a   0x0800171a   0x00000000   Code   RO         6415    .text               c_w.l(indicate_semi.o)
    0x0800171a   0x0800171a   0x0000003e   Code   RO         6297    CL$$btod_d2e        c_w.l(btod.o)
    0x08001758   0x08001758   0x00000046   Code   RO         6299    CL$$btod_d2e_denorm_low  c_w.l(btod.o)
    0x0800179e   0x0800179e   0x00000060   Code   RO         6298    CL$$btod_d2e_norm_op1  c_w.l(btod.o)
    0x080017fe   0x080017fe   0x00000338   Code   RO         6307    CL$$btod_div_common  c_w.l(btod.o)
    0x08001b36   0x08001b36   0x000000dc   Code   RO         6304    CL$$btod_e2e        c_w.l(btod.o)
    0x08001c12   0x08001c12   0x0000002a   Code   RO         6301    CL$$btod_ediv       c_w.l(btod.o)
    0x08001c3c   0x08001c3c   0x0000002a   Code   RO         6300    CL$$btod_emul       c_w.l(btod.o)
    0x08001c66   0x08001c66   0x00000244   Code   RO         6306    CL$$btod_mult_common  c_w.l(btod.o)
    0x08001eaa   0x08001eaa   0x00000002   PAD
    0x08001eac   0x08001eac   0x00000056   Code   RO         1686    i.ADC_ConversionStop_Disable  stm32f1xx_hal_adc.o
    0x08001f02   0x08001f02   0x0000004e   Code   RO         1687    i.ADC_DMAConvCplt   stm32f1xx_hal_adc.o
    0x08001f50   0x08001f50   0x0000001a   Code   RO         1688    i.ADC_DMAError      stm32f1xx_hal_adc.o
    0x08001f6a   0x08001f6a   0x0000000a   Code   RO         1689    i.ADC_DMAHalfConvCplt  stm32f1xx_hal_adc.o
    0x08001f74   0x08001f74   0x0000007c   Code   RO         1690    i.ADC_Enable        stm32f1xx_hal_adc.o
    0x08001ff0   0x08001ff0   0x00000044   Code   RO         5887    i.Average_Filter    preprocessing.o
    0x08002034   0x08002034   0x00000014   Code   RO         5749    i.BT_Init           bluetooth.o
    0x08002048   0x08002048   0x00000040   Code   RO         5750    i.BT_Off            bluetooth.o
    0x08002088   0x08002088   0x00000038   Code   RO         5751    i.BT_Open           bluetooth.o
    0x080020c0   0x080020c0   0x00000048   Code   RO         5753    i.BT_SendPrintf_DMA  bluetooth.o
    0x08002108   0x08002108   0x00000040   Code   RO         5754    i.BT_SendString_DMA  bluetooth.o
    0x08002148   0x08002148   0x00000002   Code   RO          532    i.BusFault_Handler  stm32f1xx_it.o
    0x0800214a   0x0800214a   0x00000002   PAD
    0x0800214c   0x0800214c   0x0000000c   Code   RO          533    i.DMA1_Channel1_IRQHandler  stm32f1xx_it.o
    0x08002158   0x08002158   0x0000000c   Code   RO          534    i.DMA1_Channel4_IRQHandler  stm32f1xx_it.o
    0x08002164   0x08002164   0x0000002a   Code   RO         2342    i.DMA_SetConfig     stm32f1xx_hal_dma.o
    0x0800218e   0x0800218e   0x00000002   PAD
    0x08002190   0x08002190   0x00000024   Code   RO         5823    i.DQ_Mode_In        ds18b20.o
    0x080021b4   0x080021b4   0x00000018   Code   RO         5824    i.DQ_Mode_Out       ds18b20.o
    0x080021cc   0x080021cc   0x0000006c   Code   RO         5825    i.DS18B20_Get_Temp  ds18b20.o
    0x08002238   0x08002238   0x00000070   Code   RO         5826    i.DS18B20_Init      ds18b20.o
    0x080022a8   0x080022a8   0x00000064   Code   RO         5827    i.DS18B20_Read_Byte  ds18b20.o
    0x0800230c   0x0800230c   0x0000005c   Code   RO         5828    i.DS18B20_Write_Byte  ds18b20.o
    0x08002368   0x08002368   0x00000002   Code   RO          535    i.DebugMon_Handler  stm32f1xx_it.o
    0x0800236a   0x0800236a   0x00000034   Code   RO         5829    i.Delay_us          ds18b20.o
    0x0800239e   0x0800239e   0x00000004   Code   RO           13    i.Error_Handler     main.o
    0x080023a2   0x080023a2   0x00000002   PAD
    0x080023a4   0x080023a4   0x00000108   Code   RO         5983    i.FrameProcessing   frameprocessing.o
    0x080024ac   0x080024ac   0x0000020c   Code   RO         5934    i.Gardner           gardner.o
    0x080026b8   0x080026b8   0x000000fc   Code   RO         1692    i.HAL_ADC_ConfigChannel  stm32f1xx_hal_adc.o
    0x080027b4   0x080027b4   0x00000048   Code   RO         5695    i.HAL_ADC_ConvCpltCallback  receiver_adc.o
    0x080027fc   0x080027fc   0x00000002   Code   RO         1694    i.HAL_ADC_ConvHalfCpltCallback  stm32f1xx_hal_adc.o
    0x080027fe   0x080027fe   0x00000002   Code   RO         1696    i.HAL_ADC_ErrorCallback  stm32f1xx_hal_adc.o
    0x08002800   0x08002800   0x0000011c   Code   RO         1701    i.HAL_ADC_Init      stm32f1xx_hal_adc.o
    0x0800291c   0x0800291c   0x0000008c   Code   RO          341    i.HAL_ADC_MspInit   adc.o
    0x080029a8   0x080029a8   0x0000010c   Code   RO         1708    i.HAL_ADC_Start_DMA  stm32f1xx_hal_adc.o
    0x08002ab4   0x08002ab4   0x00000046   Code   RO         2343    i.HAL_DMA_Abort     stm32f1xx_hal_dma.o
    0x08002afa   0x08002afa   0x00000002   PAD
    0x08002afc   0x08002afc   0x00000098   Code   RO         2344    i.HAL_DMA_Abort_IT  stm32f1xx_hal_dma.o
    0x08002b94   0x08002b94   0x00000004   Code   RO         2346    i.HAL_DMA_GetError  stm32f1xx_hal_dma.o
    0x08002b98   0x08002b98   0x00000154   Code   RO         2348    i.HAL_DMA_IRQHandler  stm32f1xx_hal_dma.o
    0x08002cec   0x08002cec   0x0000005c   Code   RO         2349    i.HAL_DMA_Init      stm32f1xx_hal_dma.o
    0x08002d48   0x08002d48   0x00000070   Code   RO         2353    i.HAL_DMA_Start_IT  stm32f1xx_hal_dma.o
    0x08002db8   0x08002db8   0x00000024   Code   RO         1969    i.HAL_Delay         stm32f1xx_hal.o
    0x08002ddc   0x08002ddc   0x000001e0   Code   RO         2279    i.HAL_GPIO_Init     stm32f1xx_hal_gpio.o
    0x08002fbc   0x08002fbc   0x0000000a   Code   RO         2283    i.HAL_GPIO_WritePin  stm32f1xx_hal_gpio.o
    0x08002fc6   0x08002fc6   0x00000002   PAD
    0x08002fc8   0x08002fc8   0x0000000c   Code   RO         1973    i.HAL_GetTick       stm32f1xx_hal.o
    0x08002fd4   0x08002fd4   0x00000188   Code   RO         2950    i.HAL_I2C_Init      stm32f1xx_hal_i2c.o
    0x0800315c   0x0800315c   0x00000130   Code   RO         2971    i.HAL_I2C_Mem_Write  stm32f1xx_hal_i2c.o
    0x0800328c   0x0800328c   0x0000005c   Code   RO          407    i.HAL_I2C_MspInit   i2c.o
    0x080032e8   0x080032e8   0x00000010   Code   RO         1979    i.HAL_IncTick       stm32f1xx_hal.o
    0x080032f8   0x080032f8   0x00000024   Code   RO         1980    i.HAL_Init          stm32f1xx_hal.o
    0x0800331c   0x0800331c   0x00000098   Code   RO          638    i.HAL_InitTick      stm32f1xx_hal_timebase_tim.o
    0x080033b4   0x080033b4   0x00000048   Code   RO          614    i.HAL_MspInit       stm32f1xx_hal_msp.o
    0x080033fc   0x080033fc   0x0000001a   Code   RO         2439    i.HAL_NVIC_EnableIRQ  stm32f1xx_hal_cortex.o
    0x08003416   0x08003416   0x00000002   PAD
    0x08003418   0x08003418   0x00000040   Code   RO         2445    i.HAL_NVIC_SetPriority  stm32f1xx_hal_cortex.o
    0x08003458   0x08003458   0x00000024   Code   RO         2446    i.HAL_NVIC_SetPriorityGrouping  stm32f1xx_hal_cortex.o
    0x0800347c   0x0800347c   0x0000001c   Code   RO         2565    i.HAL_PWR_EnableWakeUpPin  stm32f1xx_hal_pwr.o
    0x08003498   0x08003498   0x00000020   Code   RO         2567    i.HAL_PWR_EnterSTANDBYMode  stm32f1xx_hal_pwr.o
    0x080034b8   0x080034b8   0x000000ec   Code   RO         2241    i.HAL_RCCEx_PeriphCLKConfig  stm32f1xx_hal_rcc_ex.o
    0x080035a4   0x080035a4   0x0000012c   Code   RO         2137    i.HAL_RCC_ClockConfig  stm32f1xx_hal_rcc.o
    0x080036d0   0x080036d0   0x00000040   Code   RO         2141    i.HAL_RCC_GetClockConfig  stm32f1xx_hal_rcc.o
    0x08003710   0x08003710   0x00000020   Code   RO         2144    i.HAL_RCC_GetPCLK1Freq  stm32f1xx_hal_rcc.o
    0x08003730   0x08003730   0x00000020   Code   RO         2145    i.HAL_RCC_GetPCLK2Freq  stm32f1xx_hal_rcc.o
    0x08003750   0x08003750   0x0000004c   Code   RO         2146    i.HAL_RCC_GetSysClockFreq  stm32f1xx_hal_rcc.o
    0x0800379c   0x0800379c   0x00000320   Code   RO         2149    i.HAL_RCC_OscConfig  stm32f1xx_hal_rcc.o
    0x08003abc   0x08003abc   0x00000002   Code   RO         1419    i.HAL_TIMEx_BreakCallback  stm32f1xx_hal_tim_ex.o
    0x08003abe   0x08003abe   0x00000002   Code   RO         1420    i.HAL_TIMEx_CommutCallback  stm32f1xx_hal_tim_ex.o
    0x08003ac0   0x08003ac0   0x00000068   Code   RO         1438    i.HAL_TIMEx_MasterConfigSynchronization  stm32f1xx_hal_tim_ex.o
    0x08003b28   0x08003b28   0x0000005a   Code   RO          715    i.HAL_TIM_Base_Init  stm32f1xx_hal_tim.o
    0x08003b82   0x08003b82   0x00000002   PAD
    0x08003b84   0x08003b84   0x00000028   Code   RO          449    i.HAL_TIM_Base_MspInit  tim.o
    0x08003bac   0x08003bac   0x00000050   Code   RO          718    i.HAL_TIM_Base_Start  stm32f1xx_hal_tim.o
    0x08003bfc   0x08003bfc   0x00000058   Code   RO          720    i.HAL_TIM_Base_Start_IT  stm32f1xx_hal_tim.o
    0x08003c54   0x08003c54   0x00000026   Code   RO          721    i.HAL_TIM_Base_Stop  stm32f1xx_hal_tim.o
    0x08003c7a   0x08003c7a   0x000000dc   Code   RO          724    i.HAL_TIM_ConfigClockSource  stm32f1xx_hal_tim.o
    0x08003d56   0x08003d56   0x00000026   Code   RO          746    i.HAL_TIM_GenerateEvent  stm32f1xx_hal_tim.o
    0x08003d7c   0x08003d7c   0x00000002   Code   RO          749    i.HAL_TIM_IC_CaptureCallback  stm32f1xx_hal_tim.o
    0x08003d7e   0x08003d7e   0x00000130   Code   RO          763    i.HAL_TIM_IRQHandler  stm32f1xx_hal_tim.o
    0x08003eae   0x08003eae   0x00000002   Code   RO          766    i.HAL_TIM_OC_DelayElapsedCallback  stm32f1xx_hal_tim.o
    0x08003eb0   0x08003eb0   0x00000002   Code   RO          793    i.HAL_TIM_PWM_PulseFinishedCallback  stm32f1xx_hal_tim.o
    0x08003eb2   0x08003eb2   0x00000002   PAD
    0x08003eb4   0x08003eb4   0x00000014   Code   RO           14    i.HAL_TIM_PeriodElapsedCallback  main.o
    0x08003ec8   0x08003ec8   0x00000002   Code   RO          806    i.HAL_TIM_TriggerCallback  stm32f1xx_hal_tim.o
    0x08003eca   0x08003eca   0x00000002   Code   RO         3388    i.HAL_UARTEx_RxEventCallback  stm32f1xx_hal_uart.o
    0x08003ecc   0x08003ecc   0x00000094   Code   RO         3391    i.HAL_UART_AbortReceive  stm32f1xx_hal_uart.o
    0x08003f60   0x08003f60   0x00000002   Code   RO         3402    i.HAL_UART_ErrorCallback  stm32f1xx_hal_uart.o
    0x08003f62   0x08003f62   0x00000002   PAD
    0x08003f64   0x08003f64   0x0000026c   Code   RO         3405    i.HAL_UART_IRQHandler  stm32f1xx_hal_uart.o
    0x080041d0   0x080041d0   0x00000064   Code   RO         3406    i.HAL_UART_Init     stm32f1xx_hal_uart.o
    0x08004234   0x08004234   0x000000b0   Code   RO          491    i.HAL_UART_MspInit  usart.o
    0x080042e4   0x080042e4   0x0000001c   Code   RO         3411    i.HAL_UART_Receive_IT  stm32f1xx_hal_uart.o
    0x08004300   0x08004300   0x0000008c   Code   RO         5755    i.HAL_UART_RxCpltCallback  bluetooth.o
    0x0800438c   0x0800438c   0x00000078   Code   RO         3415    i.HAL_UART_Transmit_DMA  stm32f1xx_hal_uart.o
    0x08004404   0x08004404   0x00000002   Code   RO         3417    i.HAL_UART_TxCpltCallback  stm32f1xx_hal_uart.o
    0x08004406   0x08004406   0x00000002   Code   RO         3418    i.HAL_UART_TxHalfCpltCallback  stm32f1xx_hal_uart.o
    0x08004408   0x08004408   0x00000100   Code   RO         5965    i.HammingDecoder    decoder.o
    0x08004508   0x08004508   0x00000002   Code   RO          536    i.HardFault_Handler  stm32f1xx_it.o
    0x0800450a   0x0800450a   0x0000002e   Code   RO         2993    i.I2C_IsAcknowledgeFailed  stm32f1xx_hal_i2c.o
    0x08004538   0x08004538   0x000000a8   Code   RO         3004    i.I2C_RequestMemoryWrite  stm32f1xx_hal_i2c.o
    0x080045e0   0x080045e0   0x00000056   Code   RO         3008    i.I2C_WaitOnBTFFlagUntilTimeout  stm32f1xx_hal_i2c.o
    0x08004636   0x08004636   0x00000002   PAD
    0x08004638   0x08004638   0x00000090   Code   RO         3009    i.I2C_WaitOnFlagUntilTimeout  stm32f1xx_hal_i2c.o
    0x080046c8   0x080046c8   0x000000bc   Code   RO         3010    i.I2C_WaitOnMasterAddressFlagUntilTimeout  stm32f1xx_hal_i2c.o
    0x08004784   0x08004784   0x00000056   Code   RO         3012    i.I2C_WaitOnTXEFlagUntilTimeout  stm32f1xx_hal_i2c.o
    0x080047da   0x080047da   0x00000002   PAD
    0x080047dc   0x080047dc   0x00000050   Code   RO          342    i.MX_ADC1_Init      adc.o
    0x0800482c   0x0800482c   0x0000003c   Code   RO          382    i.MX_DMA_Init       dma.o
    0x08004868   0x08004868   0x00000058   Code   RO          251    i.MX_FREERTOS_Init  freertos.o
    0x080048c0   0x080048c0   0x000000f0   Code   RO          227    i.MX_GPIO_Init      gpio.o
    0x080049b0   0x080049b0   0x00000040   Code   RO          408    i.MX_I2C1_Init      i2c.o
    0x080049f0   0x080049f0   0x00000068   Code   RO          450    i.MX_TIM3_Init      tim.o
    0x08004a58   0x08004a58   0x00000038   Code   RO          492    i.MX_USART1_UART_Init  usart.o
    0x08004a90   0x08004a90   0x000000cc   Code   RO         5888    i.Match_Filter      preprocessing.o
    0x08004b5c   0x08004b5c   0x00000002   Code   RO          537    i.MemManage_Handler  stm32f1xx_it.o
    0x08004b5e   0x08004b5e   0x00000002   PAD
    0x08004b60   0x08004b60   0x0000002c   Code   RO          252    i.Mode_Change       freertos.o
    0x08004b8c   0x08004b8c   0x00000002   Code   RO          538    i.NMI_Handler       stm32f1xx_it.o
    0x08004b8e   0x08004b8e   0x00000002   PAD
    0x08004b90   0x08004b90   0x00000040   Code   RO         5567    i.OLED_Clear        oled.o
    0x08004bd0   0x08004bd0   0x00000034   Code   RO         5569    i.OLED_Hardware_PowerOff  oled.o
    0x08004c04   0x08004c04   0x0000003c   Code   RO         5570    i.OLED_Hardware_PowerOn  oled.o
    0x08004c40   0x08004c40   0x000000b0   Code   RO         5571    i.OLED_Init         oled.o
    0x08004cf0   0x08004cf0   0x0000003c   Code   RO         5573    i.OLED_Poweroff     oled.o
    0x08004d2c   0x08004d2c   0x00000038   Code   RO         5574    i.OLED_Poweron      oled.o
    0x08004d64   0x08004d64   0x00000022   Code   RO         5575    i.OLED_SetCursor    oled.o
    0x08004d86   0x08004d86   0x00000002   PAD
    0x08004d88   0x08004d88   0x00000084   Code   RO         5577    i.OLED_ShowChar     oled.o
    0x08004e0c   0x08004e0c   0x00000040   Code   RO         5581    i.OLED_ShowString   oled.o
    0x08004e4c   0x08004e4c   0x00000024   Code   RO         5582    i.OLED_WriteCommand  oled.o
    0x08004e70   0x08004e70   0x00000024   Code   RO         5583    i.OLED_WriteData    oled.o
    0x08004e94   0x08004e94   0x00000014   Code   RO         6017    i.Power_Init        powermanager.o
    0x08004ea8   0x08004ea8   0x000000b8   Code   RO         6018    i.Power_Manager_Task  powermanager.o
    0x08004f60   0x08004f60   0x00000010   Code   RO         6019    i.Power_RefreshActivity  powermanager.o
    0x08004f70   0x08004f70   0x0000001c   Code   RO         5696    i.Re_ADC_Init       receiver_adc.o
    0x08004f8c   0x08004f8c   0x00000020   Code   RO         5697    i.Re_ADC_Queue_Register  receiver_adc.o
    0x08004fac   0x08004fac   0x00000030   Code   RO         5698    i.Re_ADC_Start      receiver_adc.o
    0x08004fdc   0x08004fdc   0x00000030   Code   RO         5699    i.Re_ADC_Stop       receiver_adc.o
    0x0800500c   0x0800500c   0x000000c0   Code   RO          253    i.StartDefaultTask  freertos.o
    0x080050cc   0x080050cc   0x0000001a   Code   RO         4919    i.SysTick_Handler   cmsis_os2.o
    0x080050e6   0x080050e6   0x00000074   Code   RO           15    i.SystemClock_Config  main.o
    0x0800515a   0x0800515a   0x00000002   Code   RO         3740    i.SystemInit        system_stm32f1xx.o
    0x0800515c   0x0800515c   0x0000000c   Code   RO          539    i.TIM4_IRQHandler   stm32f1xx_it.o
    0x08005168   0x08005168   0x00000078   Code   RO          808    i.TIM_Base_SetConfig  stm32f1xx_hal_tim.o
    0x080051e0   0x080051e0   0x00000014   Code   RO          819    i.TIM_ETR_SetConfig  stm32f1xx_hal_tim.o
    0x080051f4   0x080051f4   0x00000010   Code   RO          820    i.TIM_ITRx_SetConfig  stm32f1xx_hal_tim.o
    0x08005204   0x08005204   0x00000022   Code   RO          826    i.TIM_TI1_ConfigInputStage  stm32f1xx_hal_tim.o
    0x08005226   0x08005226   0x00000024   Code   RO          828    i.TIM_TI2_ConfigInputStage  stm32f1xx_hal_tim.o
    0x0800524a   0x0800524a   0x00000010   Code   RO         3419    i.UART_DMAAbortOnError  stm32f1xx_hal_uart.o
    0x0800525a   0x0800525a   0x0000004a   Code   RO         3420    i.UART_DMAError     stm32f1xx_hal_uart.o
    0x080052a4   0x080052a4   0x00000042   Code   RO         3425    i.UART_DMATransmitCplt  stm32f1xx_hal_uart.o
    0x080052e6   0x080052e6   0x0000000a   Code   RO         3427    i.UART_DMATxHalfCplt  stm32f1xx_hal_uart.o
    0x080052f0   0x080052f0   0x0000004e   Code   RO         3429    i.UART_EndRxTransfer  stm32f1xx_hal_uart.o
    0x0800533e   0x0800533e   0x0000001c   Code   RO         3430    i.UART_EndTxTransfer  stm32f1xx_hal_uart.o
    0x0800535a   0x0800535a   0x000000c2   Code   RO         3431    i.UART_Receive_IT   stm32f1xx_hal_uart.o
    0x0800541c   0x0800541c   0x000000b8   Code   RO         3432    i.UART_SetConfig    stm32f1xx_hal_uart.o
    0x080054d4   0x080054d4   0x00000036   Code   RO         3434    i.UART_Start_Receive_IT  stm32f1xx_hal_uart.o
    0x0800550a   0x0800550a   0x00000002   PAD
    0x0800550c   0x0800550c   0x0000000c   Code   RO          540    i.USART1_IRQHandler  stm32f1xx_it.o
    0x08005518   0x08005518   0x00000002   Code   RO          541    i.UsageFault_Handler  stm32f1xx_it.o
    0x0800551a   0x0800551a   0x00000028   Code   RO         6334    i.__ARM_fpclassify  m_ws.l(fpclassify.o)
    0x08005542   0x08005542   0x00000020   Code   RO         2452    i.__NVIC_SetPriority  stm32f1xx_hal_cortex.o
    0x08005562   0x08005562   0x0000000e   Code   RO         6087    i._is_digit         c_w.l(__printf_wp.o)
    0x08005570   0x08005570   0x00000074   Code   RO         4381    i.eTaskGetState     tasks.o
    0x080055e4   0x080055e4   0x000001a8   Code   RO          254    i.judgementTask     freertos.o
    0x0800578c   0x0800578c   0x0000002e   Code   RO           16    i.main              main.o
    0x080057ba   0x080057ba   0x00000002   PAD
    0x080057bc   0x080057bc   0x000001b0   Code   RO          255    i.messageTask       freertos.o
    0x0800596c   0x0800596c   0x0000001a   Code   RO         4921    i.osDelay           cmsis_os2.o
    0x08005986   0x08005986   0x00000002   PAD
    0x08005988   0x08005988   0x00000020   Code   RO         4930    i.osKernelGetState  cmsis_os2.o
    0x080059a8   0x080059a8   0x0000000e   Code   RO         4933    i.osKernelGetTickCount  cmsis_os2.o
    0x080059b6   0x080059b6   0x00000002   PAD
    0x080059b8   0x080059b8   0x00000024   Code   RO         4935    i.osKernelInitialize  cmsis_os2.o
    0x080059dc   0x080059dc   0x00000038   Code   RO         4938    i.osKernelStart     cmsis_os2.o
    0x08005a14   0x08005a14   0x00000064   Code   RO         4950    i.osMessageQueueGet  cmsis_os2.o
    0x08005a78   0x08005a78   0x00000058   Code   RO         4955    i.osMessageQueueNew  cmsis_os2.o
    0x08005ad0   0x08005ad0   0x00000068   Code   RO         4956    i.osMessageQueuePut  cmsis_os2.o
    0x08005b38   0x08005b38   0x00000022   Code   RO         4957    i.osMessageQueueReset  cmsis_os2.o
    0x08005b5a   0x08005b5a   0x00000052   Code   RO         4958    i.osMutexAcquire    cmsis_os2.o
    0x08005bac   0x08005bac   0x00000068   Code   RO         4961    i.osMutexNew        cmsis_os2.o
    0x08005c14   0x08005c14   0x00000042   Code   RO         4962    i.osMutexRelease    cmsis_os2.o
    0x08005c56   0x08005c56   0x00000002   PAD
    0x08005c58   0x08005c58   0x0000005c   Code   RO         4963    i.osSemaphoreAcquire  cmsis_os2.o
    0x08005cb4   0x08005cb4   0x00000098   Code   RO         4966    i.osSemaphoreNew    cmsis_os2.o
    0x08005d4c   0x08005d4c   0x00000058   Code   RO         4967    i.osSemaphoreRelease  cmsis_os2.o
    0x08005da4   0x08005da4   0x00000004   Code   RO         4975    i.osThreadGetId     cmsis_os2.o
    0x08005da8   0x08005da8   0x0000008a   Code   RO         4980    i.osThreadNew       cmsis_os2.o
    0x08005e32   0x08005e32   0x00000034   Code   RO         4984    i.osThreadTerminate  cmsis_os2.o
    0x08005e66   0x08005e66   0x00000002   PAD
    0x08005e68   0x08005e68   0x0000005c   Code   RO         4383    i.prvAddCurrentTaskToDelayedList  tasks.o
    0x08005ec4   0x08005ec4   0x000000d0   Code   RO         4384    i.prvAddNewTaskToReadyList  tasks.o
    0x08005f94   0x08005f94   0x00000058   Code   RO         4748    i.prvCheckForValidListAndQueue  timers.o
    0x08005fec   0x08005fec   0x00000026   Code   RO         3945    i.prvCopyDataFromQueue  queue.o
    0x08006012   0x08006012   0x0000006c   Code   RO         3946    i.prvCopyDataToQueue  queue.o
    0x0800607e   0x0800607e   0x00000034   Code   RO         4385    i.prvDeleteTCB      tasks.o
    0x080060b2   0x080060b2   0x00000002   PAD
    0x080060b4   0x080060b4   0x0000004c   Code   RO         5432    i.prvHeapInit       heap_4.o
    0x08006100   0x08006100   0x00000060   Code   RO         4386    i.prvIdleTask       tasks.o
    0x08006160   0x08006160   0x00000016   Code   RO         3947    i.prvInitialiseMutex  queue.o
    0x08006176   0x08006176   0x00000002   PAD
    0x08006178   0x08006178   0x00000026   Code   RO         3948    i.prvInitialiseNewQueue  queue.o
    0x0800619e   0x0800619e   0x00000002   PAD
    0x080061a0   0x080061a0   0x000000b0   Code   RO         4387    i.prvInitialiseNewTask  tasks.o
    0x08006250   0x08006250   0x0000004c   Code   RO         5433    i.prvInsertBlockIntoFreeList  heap_4.o
    0x0800629c   0x0800629c   0x00000038   Code   RO         4750    i.prvInsertTimerInActiveList  timers.o
    0x080062d4   0x080062d4   0x0000001c   Code   RO         3949    i.prvIsQueueEmpty   queue.o
    0x080062f0   0x080062f0   0x0000006c   Code   RO         3950    i.prvNotifyQueueSetContainer  queue.o
    0x0800635c   0x0800635c   0x000000fc   Code   RO         4751    i.prvProcessReceivedCommands  timers.o
    0x08006458   0x08006458   0x000000c0   Code   RO         4752    i.prvProcessTimerOrBlockTask  timers.o
    0x08006518   0x08006518   0x00000020   Code   RO         4389    i.prvResetNextTaskUnblockTime  tasks.o
    0x08006538   0x08006538   0x00000028   Code   RO         4753    i.prvSampleTimeNow  timers.o
    0x08006560   0x08006560   0x0000006c   Code   RO         4754    i.prvSwitchTimerLists  timers.o
    0x080065cc   0x080065cc   0x00000028   Code   RO         5488    i.prvTaskExitError  port.o
    0x080065f4   0x080065f4   0x00000024   Code   RO         4755    i.prvTimerTask      timers.o
    0x08006618   0x08006618   0x00000076   Code   RO         3951    i.prvUnlockQueue    queue.o
    0x0800668e   0x0800668e   0x00000002   PAD
    0x08006690   0x08006690   0x000000dc   Code   RO         5434    i.pvPortMalloc      heap_4.o
    0x0800676c   0x0800676c   0x00000018   Code   RO         4392    i.pvTaskIncrementMutexHeldCount  tasks.o
    0x08006784   0x08006784   0x00000024   Code   RO         5489    i.pxPortInitialiseStack  port.o
    0x080067a8   0x080067a8   0x00000026   Code   RO         3905    i.uxListRemove      list.o
    0x080067ce   0x080067ce   0x00000002   PAD
    0x080067d0   0x080067d0   0x00000014   Code   RO         4992    i.vApplicationGetIdleTaskMemory  cmsis_os2.o
    0x080067e4   0x080067e4   0x00000018   Code   RO         4993    i.vApplicationGetTimerTaskMemory  cmsis_os2.o
    0x080067fc   0x080067fc   0x00000016   Code   RO         3906    i.vListInitialise   list.o
    0x08006812   0x08006812   0x00000006   Code   RO         3907    i.vListInitialiseItem  list.o
    0x08006818   0x08006818   0x00000030   Code   RO         3908    i.vListInsert       list.o
    0x08006848   0x08006848   0x00000018   Code   RO         3909    i.vListInsertEnd    list.o
    0x08006860   0x08006860   0x00000040   Code   RO         5491    i.vPortEnterCritical  port.o
    0x080068a0   0x080068a0   0x00000028   Code   RO         5492    i.vPortExitCritical  port.o
    0x080068c8   0x080068c8   0x00000064   Code   RO         5435    i.vPortFree         heap_4.o
    0x0800692c   0x0800692c   0x00000024   Code   RO         5493    i.vPortSetupTimerInterrupt  port.o
    0x08006950   0x08006950   0x00000054   Code   RO         5494    i.vPortValidateInterruptPriority  port.o
    0x080069a4   0x080069a4   0x00000028   Code   RO         3957    i.vQueueAddToRegistry  queue.o
    0x080069cc   0x080069cc   0x0000002e   Code   RO         3958    i.vQueueDelete      queue.o
    0x080069fa   0x080069fa   0x00000002   PAD
    0x080069fc   0x080069fc   0x00000028   Code   RO         3960    i.vQueueUnregisterQueue  queue.o
    0x08006a24   0x08006a24   0x00000044   Code   RO         3961    i.vQueueWaitForMessageRestricted  queue.o
    0x08006a68   0x08006a68   0x0000004c   Code   RO         4402    i.vTaskDelay        tasks.o
    0x08006ab4   0x08006ab4   0x00000090   Code   RO         4404    i.vTaskDelete       tasks.o
    0x08006b44   0x08006b44   0x00000010   Code   RO         4407    i.vTaskInternalSetTimeOutState  tasks.o
    0x08006b54   0x08006b54   0x0000000c   Code   RO         4408    i.vTaskMissedYield  tasks.o
    0x08006b60   0x08006b60   0x00000030   Code   RO         4410    i.vTaskPlaceOnEventList  tasks.o
    0x08006b90   0x08006b90   0x00000038   Code   RO         4411    i.vTaskPlaceOnEventListRestricted  tasks.o
    0x08006bc8   0x08006bc8   0x00000090   Code   RO         4413    i.vTaskPriorityDisinheritAfterTimeout  tasks.o
    0x08006c58   0x08006c58   0x00000088   Code   RO         4419    i.vTaskStartScheduler  tasks.o
    0x08006ce0   0x08006ce0   0x00000010   Code   RO         4421    i.vTaskSuspendAll   tasks.o
    0x08006cf0   0x08006cf0   0x00000064   Code   RO         4422    i.vTaskSwitchContext  tasks.o
    0x08006d54   0x08006d54   0x000000a8   Code   RO         5495    i.xPortStartScheduler  port.o
    0x08006dfc   0x08006dfc   0x0000002c   Code   RO         5496    i.xPortSysTickHandler  port.o
    0x08006e28   0x08006e28   0x00000022   Code   RO         3962    i.xQueueAddToSet    queue.o
    0x08006e4a   0x08006e4a   0x0000003a   Code   RO         3963    i.xQueueCreateCountingSemaphore  queue.o
    0x08006e84   0x08006e84   0x00000040   Code   RO         3964    i.xQueueCreateCountingSemaphoreStatic  queue.o
    0x08006ec4   0x08006ec4   0x00000016   Code   RO         3965    i.xQueueCreateMutex  queue.o
    0x08006eda   0x08006eda   0x0000001a   Code   RO         3966    i.xQueueCreateMutexStatic  queue.o
    0x08006ef4   0x08006ef4   0x00000008   Code   RO         3967    i.xQueueCreateSet   queue.o
    0x08006efc   0x08006efc   0x00000042   Code   RO         3968    i.xQueueGenericCreate  queue.o
    0x08006f3e   0x08006f3e   0x00000066   Code   RO         3969    i.xQueueGenericCreateStatic  queue.o
    0x08006fa4   0x08006fa4   0x00000088   Code   RO         3970    i.xQueueGenericReset  queue.o
    0x0800702c   0x0800702c   0x00000178   Code   RO         3971    i.xQueueGenericSend  queue.o
    0x080071a4   0x080071a4   0x000000d6   Code   RO         3972    i.xQueueGenericSendFromISR  queue.o
    0x0800727a   0x0800727a   0x000000ac   Code   RO         3975    i.xQueueGiveFromISR  queue.o
    0x08007326   0x08007326   0x0000003e   Code   RO         3976    i.xQueueGiveMutexRecursive  queue.o
    0x08007364   0x08007364   0x00000138   Code   RO         3981    i.xQueueReceive     queue.o
    0x0800749c   0x0800749c   0x0000009a   Code   RO         3982    i.xQueueReceiveFromISR  queue.o
    0x08007536   0x08007536   0x00000012   Code   RO         3984    i.xQueueSelectFromSet  queue.o
    0x08007548   0x08007548   0x00000178   Code   RO         3986    i.xQueueSemaphoreTake  queue.o
    0x080076c0   0x080076c0   0x00000040   Code   RO         3987    i.xQueueTakeMutexRecursive  queue.o
    0x08007700   0x08007700   0x00000074   Code   RO         4424    i.xTaskCheckForTimeOut  tasks.o
    0x08007774   0x08007774   0x0000005a   Code   RO         4425    i.xTaskCreate       tasks.o
    0x080077ce   0x080077ce   0x00000056   Code   RO         4426    i.xTaskCreateStatic  tasks.o
    0x08007824   0x08007824   0x0000000c   Code   RO         4429    i.xTaskGetCurrentTaskHandle  tasks.o
    0x08007830   0x08007830   0x0000001c   Code   RO         4430    i.xTaskGetSchedulerState  tasks.o
    0x0800784c   0x0800784c   0x0000000c   Code   RO         4431    i.xTaskGetTickCount  tasks.o
    0x08007858   0x08007858   0x00000010   Code   RO         4432    i.xTaskGetTickCountFromISR  tasks.o
    0x08007868   0x08007868   0x000000c8   Code   RO         4433    i.xTaskIncrementTick  tasks.o
    0x08007930   0x08007930   0x00000080   Code   RO         4436    i.xTaskPriorityDisinherit  tasks.o
    0x080079b0   0x080079b0   0x00000078   Code   RO         4437    i.xTaskPriorityInherit  tasks.o
    0x08007a28   0x08007a28   0x00000070   Code   RO         4438    i.xTaskRemoveFromEventList  tasks.o
    0x08007a98   0x08007a98   0x000000c4   Code   RO         4439    i.xTaskResumeAll    tasks.o
    0x08007b5c   0x08007b5c   0x00000060   Code   RO         4764    i.xTimerCreateTimerTask  timers.o
    0x08007bbc   0x08007bbc   0x00000068   Code   RO         4765    i.xTimerGenericCommand  timers.o
    0x08007c24   0x08007c24   0x0000002c   Code   RO         6320    locale$$code        c_w.l(lc_numeric_c.o)
    0x08007c50   0x08007c50   0x0000002c   Code   RO         6342    locale$$code        c_w.l(lc_ctype_c.o)
    0x08007c7c   0x08007c7c   0x00000062   Code   RO         6123    x$fpl$d2f           fz_ws.l(d2f.o)
    0x08007cde   0x08007cde   0x00000002   PAD
    0x08007ce0   0x08007ce0   0x00000150   Code   RO         6125    x$fpl$dadd          fz_ws.l(daddsub_clz.o)
    0x08007e30   0x08007e30   0x00000010   Code   RO         6232    x$fpl$dcheck1       fz_ws.l(dcheck1.o)
    0x08007e40   0x08007e40   0x00000154   Code   RO         6131    x$fpl$dmul          fz_ws.l(dmul.o)
    0x08007f94   0x08007f94   0x0000009c   Code   RO         6234    x$fpl$dnaninf       fz_ws.l(dnaninf.o)
    0x08008030   0x08008030   0x0000000c   Code   RO         6236    x$fpl$dretinf       fz_ws.l(dretinf.o)
    0x0800803c   0x0800803c   0x000001d4   Code   RO         6127    x$fpl$dsub          fz_ws.l(daddsub_clz.o)
    0x08008210   0x08008210   0x00000056   Code   RO         6133    x$fpl$f2d           fz_ws.l(f2d.o)
    0x08008266   0x08008266   0x00000002   PAD
    0x08008268   0x08008268   0x000000c4   Code   RO         6135    x$fpl$fadd          fz_ws.l(faddsub_clz.o)
    0x0800832c   0x0800832c   0x0000000c   Code   RO         6238    x$fpl$fcheck1       fz_ws.l(fcheck1.o)
    0x08008338   0x08008338   0x00000184   Code   RO         6142    x$fpl$fdiv          fz_ws.l(fdiv.o)
    0x080084bc   0x080084bc   0x00000036   Code   RO         6145    x$fpl$ffix          fz_ws.l(ffix.o)
    0x080084f2   0x080084f2   0x00000002   PAD
    0x080084f4   0x080084f4   0x00000030   Code   RO         6150    x$fpl$fflt          fz_ws.l(fflt_clz.o)
    0x08008524   0x08008524   0x00000026   Code   RO         6149    x$fpl$ffltu         fz_ws.l(fflt_clz.o)
    0x0800854a   0x0800854a   0x00000002   PAD
    0x0800854c   0x0800854c   0x00000102   Code   RO         6155    x$fpl$fmul          fz_ws.l(fmul.o)
    0x0800864e   0x0800864e   0x0000008c   Code   RO         6240    x$fpl$fnaninf       fz_ws.l(fnaninf.o)
    0x080086da   0x080086da   0x0000000a   Code   RO         6242    x$fpl$fretinf       fz_ws.l(fretinf.o)
    0x080086e4   0x080086e4   0x00000014   Code   RO         6136    x$fpl$frsb          fz_ws.l(faddsub_clz.o)
    0x080086f8   0x080086f8   0x000000ea   Code   RO         6137    x$fpl$fsub          fz_ws.l(faddsub_clz.o)
    0x080087e2   0x080087e2   0x00000004   Code   RO         6244    x$fpl$printf1       fz_ws.l(printf1.o)
    0x080087e6   0x080087e6   0x00000004   Code   RO         6246    x$fpl$printf2       fz_ws.l(printf2.o)
    0x080087ea   0x080087ea   0x00000064   Code   RO         6281    x$fpl$retnan        fz_ws.l(retnan.o)
    0x0800884e   0x0800884e   0x0000005c   Code   RO         6157    x$fpl$scalbn        fz_ws.l(scalbn.o)
    0x080088aa   0x080088aa   0x0000004c   Code   RO         6159    x$fpl$scalbnf       fz_ws.l(scalbnf.o)
    0x080088f6   0x080088f6   0x00000030   Code   RO         6332    x$fpl$trapveneer    fz_ws.l(trapv.o)
    0x08008926   0x08008926   0x00000000   Code   RO         6252    x$fpl$usenofp       fz_ws.l(usenofp.o)
    0x08008926   0x08008926   0x00000002   PAD
    0x08008928   0x08008928   0x0000007c   Data   RO          257    .constdata          freertos.o
    0x080089a4   0x080089a4   0x00000012   Data   RO         2150    .constdata          stm32f1xx_hal_rcc.o
    0x080089b6   0x080089b6   0x00000010   Data   RO         3741    .constdata          system_stm32f1xx.o
    0x080089c6   0x080089c6   0x00000008   Data   RO         3742    .constdata          system_stm32f1xx.o
    0x080089ce   0x080089ce   0x00000002   PAD
    0x080089d0   0x080089d0   0x00000600   Data   RO         5584    .constdata          oled.o
    0x08008fd0   0x08008fd0   0x00000011   Data   RO         6095    .constdata          c_w.l(__printf_flags_ss_wp.o)
    0x08008fe1   0x08008fe1   0x00000003   PAD
    0x08008fe4   0x08008fe4   0x00000008   Data   RO         6179    .constdata          c_w.l(_printf_wctomb.o)
    0x08008fec   0x08008fec   0x00000028   Data   RO         6208    .constdata          c_w.l(_printf_hex_int_ll_ptr.o)
    0x08009014   0x08009014   0x00000026   Data   RO         6273    .constdata          c_w.l(_printf_fp_hex.o)
    0x0800903a   0x0800903a   0x00000002   PAD
    0x0800903c   0x0800903c   0x00000094   Data   RO         6295    .constdata          c_w.l(bigflt0.o)
    0x080090d0   0x080090d0   0x00000048   Data   RO          258    .conststring        freertos.o
    0x08009118   0x08009118   0x0000000a   Data   RO         5585    .conststring        oled.o
    0x08009122   0x08009122   0x00000002   PAD
    0x08009124   0x08009124   0x00000020   Data   RO         6468    Region$$Table       anon$$obj.o
    0x08009144   0x08009144   0x0000001c   Data   RO         6319    locale$$data        c_w.l(lc_numeric_c.o)
    0x08009160   0x08009160   0x00000110   Data   RO         6341    locale$$data        c_w.l(lc_ctype_c.o)


    Execution Region RW_IRAM1 (Exec base: 0x20000000, Load base: 0x08009270, Size: 0x000044b8, Max: 0x00005000, ABSOLUTE)

    Exec Addr    Load Addr    Size         Type   Attr      Idx    E Section Name        Object

    0x20000000   0x08009270   0x00000034   Data   RW          259    .data               freertos.o
    0x20000034   0x080092a4   0x0000000c   Data   RW         1987    .data               stm32f1xx_hal.o
    0x20000040   0x080092b0   0x00000004   Data   RW         3743    .data               system_stm32f1xx.o
    0x20000044   0x080092b4   0x0000003c   Data   RW         4442    .data               tasks.o
    0x20000080   0x080092f0   0x00000014   Data   RW         4773    .data               timers.o
    0x20000094   0x08009304   0x00000004   Data   RW         4995    .data               cmsis_os2.o
    0x20000098   0x08009308   0x00000020   Data   RW         5441    .data               heap_4.o
    0x200000b8   0x08009328   0x0000000c   Data   RW         5497    .data               port.o
    0x200000c4   0x08009334   0x00000008   Data   RW         5586    .data               oled.o
    0x200000cc   0x0800933c   0x00000002   Data   RW         5701    .data               receiver_adc.o
    0x200000ce   0x0800933e   0x00000002   Data   RW         5757    .data               bluetooth.o
    0x200000d0   0x08009340   0x00000008   Data   RW         5891    .data               preprocessing.o
    0x200000d8   0x08009348   0x00000024   Data   RW         5936    .data               gardner.o
    0x200000fc   0x0800936c   0x00000010   Data   RW         5985    .data               frameprocessing.o
    0x2000010c   0x0800937c   0x00000008   Data   RW         6020    .data               powermanager.o
    0x20000114        -       0x00000041   Zero   RW          256    .bss                freertos.o
    0x20000155   0x08009384   0x00000003   PAD
    0x20000158        -       0x00000074   Zero   RW          343    .bss                adc.o
    0x200001cc        -       0x00000054   Zero   RW          409    .bss                i2c.o
    0x20000220        -       0x00000048   Zero   RW          451    .bss                tim.o
    0x20000268        -       0x0000008c   Zero   RW          493    .bss                usart.o
    0x200002f4        -       0x00000048   Zero   RW          641    .bss                stm32f1xx_hal_timebase_tim.o
    0x2000033c        -       0x00000040   Zero   RW         3988    .bss                queue.o
    0x2000037c        -       0x000004c4   Zero   RW         4441    .bss                tasks.o
    0x20000840        -       0x0000011c   Zero   RW         4772    .bss                timers.o
    0x2000095c        -       0x000006b8   Zero   RW         4994    .bss                cmsis_os2.o
    0x20001014        -       0x00002800   Zero   RW         5440    .bss                heap_4.o
    0x20003814        -       0x0000002c   Zero   RW         5700    .bss                receiver_adc.o
    0x20003840        -       0x00000180   Zero   RW         5756    .bss                bluetooth.o
    0x200039c0        -       0x00000444   Zero   RW         5889    .bss                preprocessing.o
    0x20003e04        -       0x00000010   Zero   RW         5935    .bss                gardner.o
    0x20003e14        -       0x00000041   Zero   RW         5984    .bss                frameprocessing.o
    0x20003e55   0x08009384   0x00000003   PAD
    0x20003e58        -       0x00000060   Zero   RW         6337    .bss                c_w.l(libspace.o)
    0x20003eb8        -       0x00000200   Zero   RW            2    HEAP                startup_stm32f103xb.o
    0x200040b8        -       0x00000400   Zero   RW            1    STACK               startup_stm32f103xb.o


==============================================================================

Image component sizes


      Code (inc. data)   RO Data    RW Data    ZI Data      Debug   Object Name

       220         30          0          0        116       1659   adc.o
       416         88          0          2        384       4577   bluetooth.o
      1338         44          0          4       1720      70437   cmsis_os2.o
       256          0          0          0          0       1013   decoder.o
        60          4          0          0          0        722   dma.o
       524         32          0          0          0       4466   ds18b20.o
         0          0          0          0          0      19600   event_groups.o
       264         12          0         16         65       2222   frameprocessing.o
      1180        218        196         52         65       9055   freertos.o
       524         20          0         36         16       2166   gardner.o
       240         18          0          0          0        947   gpio.o
       472         24          0         32      10240       4667   heap_4.o
       156         26          0          0         84       1545   i2c.o
       138          0          0          0          0       3302   list.o
       186          6          0          0          0     464832   main.o
       770         60       1546          8          0       6903   oled.o
       662         70          0         12          0      10477   port.o
       220         38          0          8          0       2298   powermanager.o
       272         40          0          8       1092       1908   preprocessing.o
      2918         26          0          0         64      31933   queue.o
       228         44          0          2         44       3466   receiver_adc.o
        64         26        236          0       1536        788   startup_stm32f103xb.o
       100         18          0         12          0       5094   stm32f1xx_hal.o
      1132         56          0          0          0       7779   stm32f1xx_hal_adc.o
       158         14          0          0          0      28114   stm32f1xx_hal_cortex.o
       812         36          0          0          0       5369   stm32f1xx_hal_dma.o
       490         34          0          0          0       2824   stm32f1xx_hal_gpio.o
      1414         32          0          0          0       9187   stm32f1xx_hal_i2c.o
        72         10          0          0          0        826   stm32f1xx_hal_msp.o
        60         14          0          0          0       1025   stm32f1xx_hal_pwr.o
      1304         94         18          0          0       5597   stm32f1xx_hal_rcc.o
       236         12          0          0          0       1340   stm32f1xx_hal_rcc_ex.o
      1092         38          0          0          0      11422   stm32f1xx_hal_tim.o
       108         12          0          0          0       2321   stm32f1xx_hal_tim_ex.o
       152         20          0          0         72       1415   stm32f1xx_hal_timebase_tim.o
      1728         24          0          0          0      12882   stm32f1xx_hal_uart.o
        60         24          0          0          0       4141   stm32f1xx_it.o
         0          0          0          0          0        456   stream_buffer.o
         2          0         24          4          0       1055   system_stm32f1xx.o
      2660        226          0         60       1220      31062   tasks.o
       144         20          0          0         72       1542   tim.o
       972         80          0         20        284      29255   timers.o
       232         28          0          0        140       1701   usart.o

    ----------------------------------------------------------------------
     24090       1618       2056        276      17220     813390   Object Totals
         0          0         32          0          0          0   (incl. Generated)
        54          0          4          0          6          0   (incl. Padding)

    ----------------------------------------------------------------------

      Code (inc. data)   RO Data    RW Data    ZI Data      Debug   Library Member Name

        56          6          0          0          0         88   __2snprintf.o
         8          0          0          0          0         68   __main.o
       392          4         17          0          0         92   __printf_flags_ss_wp.o
        14          0          0          0          0         68   __printf_wp.o
         0          0          0          0          0          0   __rtentry.o
        12          0          0          0          0          0   __rtentry2.o
         6          0          0          0          0          0   __rtentry4.o
        52          8          0          0          0          0   __scatter.o
        26          0          0          0          0          0   __scatter_copy.o
        28          0          0          0          0          0   __scatter_zi.o
         6          0          0          0          0          0   _printf_a.o
         6          0          0          0          0          0   _printf_c.o
        44          0          0          0          0        108   _printf_char.o
        48          6          0          0          0         96   _printf_char_common.o
        40          0          0          0          0         68   _printf_charcount.o
         6          0          0          0          0          0   _printf_d.o
       120         16          0          0          0         92   _printf_dec.o
         6          0          0          0          0          0   _printf_e.o
         6          0          0          0          0          0   _printf_f.o
      1054          0          0          0          0        216   _printf_fp_dec.o
       764          8         38          0          0        100   _printf_fp_hex.o
       128         16          0          0          0         84   _printf_fp_infnan.o
         6          0          0          0          0          0   _printf_g.o
       148          4         40          0          0        160   _printf_hex_int_ll_ptr.o
         6          0          0          0          0          0   _printf_i.o
       178          0          0          0          0         88   _printf_intcommon.o
        10          0          0          0          0          0   _printf_l.o
         6          0          0          0          0          0   _printf_lc.o
        10          0          0          0          0          0   _printf_ll.o
         6          0          0          0          0          0   _printf_lld.o
         6          0          0          0          0          0   _printf_lli.o
         6          0          0          0          0          0   _printf_llo.o
         6          0          0          0          0          0   _printf_llu.o
         6          0          0          0          0          0   _printf_llx.o
       124         16          0          0          0         92   _printf_longlong_dec.o
         6          0          0          0          0          0   _printf_ls.o
         6          0          0          0          0          0   _printf_n.o
         6          0          0          0          0          0   _printf_o.o
       112         10          0          0          0        124   _printf_oct_int_ll.o
         6          0          0          0          0          0   _printf_p.o
        78          0          0          0          0        108   _printf_pad.o
         0          0          0          0          0          0   _printf_percent.o
         4          0          0          0          0          0   _printf_percent_end.o
         6          0          0          0          0          0   _printf_s.o
        82          0          0          0          0         80   _printf_str.o
        36          0          0          0          0         84   _printf_truncate.o
         6          0          0          0          0          0   _printf_u.o
        44          0          0          0          0        108   _printf_wchar.o
       188          6          8          0          0         92   _printf_wctomb.o
         6          0          0          0          0          0   _printf_x.o
        16          0          0          0          0         68   _snputc.o
        10          0          0          0          0         68   _sputc.o
        64          0          0          0          0         92   _wcrtomb.o
        16          0          0          0          0         68   aeabi_memset.o
       228          4        148          0          0         96   bigflt0.o
      1936        128          0          0          0        672   btod.o
        18          0          0          0          0         80   exit.o
         6          0          0          0          0        152   heapauxi.o
         0          0          0          0          0          0   indicate_semi.o
        44         10        272          0          0         76   lc_ctype_c.o
        44         10         28          0          0         76   lc_numeric_c.o
         2          0          0          0          0          0   libinit.o
        30          0          0          0          0          0   libinit2.o
         2          0          0          0          0          0   libshutdown.o
         2          0          0          0          0          0   libshutdown2.o
         8          4          0          0         96         68   libspace.o
       138          0          0          0          0         80   lludiv10.o
        16          4          0          0          0         76   rt_ctype_table.o
         8          4          0          0          0         68   rt_locale_intlibspace.o
        68          0          0          0          0         68   rt_memclr.o
        78          0          0          0          0         80   rt_memclr_w.o
       138          0          0          0          0         68   rt_memcpy_v6.o
       100          0          0          0          0         80   rt_memcpy_w.o
         2          0          0          0          0          0   rtexit.o
        10          0          0          0          0          0   rtexit2.o
        24          0          0          0          0         68   strcat.o
       128          0          0          0          0         68   strcmpv7m.o
        72          0          0          0          0         80   strcpy.o
        62          0          0          0          0         76   strlen.o
       150          0          0          0          0         80   strncmp.o
        12          4          0          0          0         68   sys_exit.o
        74          0          0          0          0         80   sys_stackheap_outer.o
         2          0          0          0          0         68   use_no_semi.o
        52          4          0          0          0         80   vsnprintf.o
        98          4          0          0          0         92   d2f.o
       804         16          0          0          0        272   daddsub_clz.o
        16          4          0          0          0         68   dcheck1.o
       340         12          0          0          0        104   dmul.o
       156          4          0          0          0         92   dnaninf.o
        12          0          0          0          0         68   dretinf.o
        86          4          0          0          0         84   f2d.o
       450          8          0          0          0        236   faddsub_clz.o
        12          4          0          0          0         68   fcheck1.o
       388         76          0          0          0         96   fdiv.o
        54          4          0          0          0         84   ffix.o
        86          0          0          0          0        136   fflt_clz.o
       258          4          0          0          0         84   fmul.o
       140          4          0          0          0         84   fnaninf.o
        10          0          0          0          0         68   fretinf.o
         4          0          0          0          0         68   printf1.o
         4          0          0          0          0         68   printf2.o
       100          0          0          0          0         68   retnan.o
        92          0          0          0          0         68   scalbn.o
        76          0          0          0          0         68   scalbnf.o
        48          0          0          0          0         68   trapv.o
         0          0          0          0          0          0   usenofp.o
        40          0          0          0          0         68   fpclassify.o

    ----------------------------------------------------------------------
     10786        416        556          0         96       6832   Library Totals
        26          0          5          0          0          0   (incl. Padding)

    ----------------------------------------------------------------------

      Code (inc. data)   RO Data    RW Data    ZI Data      Debug   Library Name

      7486        272        551          0         96       4720   c_w.l
      3234        144          0          0          0       2044   fz_ws.l
        40          0          0          0          0         68   m_ws.l

    ----------------------------------------------------------------------
     10786        416        556          0         96       6832   Library Totals

    ----------------------------------------------------------------------

==============================================================================


      Code (inc. data)   RO Data    RW Data    ZI Data      Debug   

     34876       2034       2612        276      17316     803162   Grand Totals
     34876       2034       2612        276      17316     803162   ELF Image Totals
     34876       2034       2612        276          0          0   ROM Totals

==============================================================================

    Total RO  Size (Code + RO Data)                37488 (  36.61kB)
    Total RW  Size (RW Data + ZI Data)             17592 (  17.18kB)
    Total ROM Size (Code + RO Data + RW Data)      37764 (  36.88kB)

==============================================================================

